[    0.000000] Linux version 4.15.0-151-generic (buildd@lgw01-amd64-042) (gcc version 7.5.0 (Ubuntu 7.5.0-3ubuntu1~18.04)) #157-Ubuntu SMP Fri Jul 9 23:07:57 UTC 2021 (Ubuntu 4.15.0-151.157-generic 4.15.18)
[    0.000000] Command line: BOOT_IMAGE=/boot/vmlinuz-4.15.0-151-generic root=LABEL=cloudimg-rootfs ro console=tty1 console=ttyS0
[    0.000000] KERNEL supported cpus:
[    0.000000]   Intel GenuineIntel
[    0.000000]   AMD AuthenticAMD
[    0.000000]   Centaur CentaurHauls
[    0.000000] x86/fpu: Supporting XSAVE feature 0x001: 'x87 floating point registers'
[    0.000000] x86/fpu: Supporting XSAVE feature 0x002: 'SSE registers'
[    0.000000] x86/fpu: Supporting XSAVE feature 0x004: 'AVX registers'
[    0.000000] x86/fpu: xstate_offset[2]:  576, xstate_sizes[2]:  256
[    0.000000] x86/fpu: Enabled xstate features 0x7, context size is 832 bytes, using 'standard' format.
[    0.000000] e820: BIOS-provided physical RAM map:
[    0.000000] BIOS-e820: [mem 0x0000000000000000-0x000000000009fbff] usable
[    0.000000] BIOS-e820: [mem 0x000000000009fc00-0x000000000009ffff] reserved
[    0.000000] BIOS-e820: [mem 0x00000000000f0000-0x00000000000fffff] reserved
[    0.000000] BIOS-e820: [mem 0x0000000000100000-0x000000003ffeffff] usable
[    0.000000] BIOS-e820: [mem 0x000000003fff0000-0x000000003fffffff] ACPI data
[    0.000000] BIOS-e820: [mem 0x00000000fec00000-0x00000000fec00fff] reserved
[    0.000000] BIOS-e820: [mem 0x00000000fee00000-0x00000000fee00fff] reserved
[    0.000000] BIOS-e820: [mem 0x00000000fffc0000-0x00000000ffffffff] reserved
[    0.000000] NX (Execute Disable) protection: active
[    0.000000] SMBIOS 2.5 present.
[    0.000000] DMI: innotek GmbH VirtualBox/VirtualBox, BIOS VirtualBox 12/01/2006
[    0.000000] Hypervisor detected: KVM
[    0.000000] e820: last_pfn = 0x3fff0 max_arch_pfn = 0x400000000
[    0.000000] MTRR: Disabled
[    0.000000] x86/PAT: MTRRs disabled, skipping PAT initialization too.
[    0.000000] CPU MTRRs all blank - virtualized system.
[    0.000000] x86/PAT: Configuration [0-7]: WB  WT  UC- UC  WB  WT  UC- UC  
[    0.000000] found SMP MP-table at [mem 0x0009fff0-0x0009ffff]
[    0.000000] Scanning 1 areas for low memory corruption
[    0.000000] RAMDISK: [mem 0x359d1000-0x36cdffff]
[    0.000000] ACPI: Early table checksum verification disabled
[    0.000000] ACPI: RSDP 0x00000000000E0000 000024 (v02 VBOX  )
[    0.000000] ACPI: XSDT 0x000000003FFF0030 00003C (v01 VBOX   VBOXXSDT 00000001 ASL  00000061)
[    0.000000] ACPI: FACP 0x000000003FFF00F0 0000F4 (v04 VBOX   VBOXFACP 00000001 ASL  00000061)
[    0.000000] ACPI: DSDT 0x000000003FFF0470 002325 (v02 VBOX   VBOXBIOS 00000002 INTL 20190509)
[    0.000000] ACPI: FACS 0x000000003FFF0200 000040
[    0.000000] ACPI: FACS 0x000000003FFF0200 000040
[    0.000000] ACPI: APIC 0x000000003FFF0240 00005C (v02 VBOX   VBOXAPIC 00000001 ASL  00000061)
[    0.000000] ACPI: SSDT 0x000000003FFF02A0 0001CC (v01 VBOX   VBOXCPUT 00000002 INTL 20190509)
[    0.000000] ACPI: Reserving FACP table memory at [mem 0x3fff00f0-0x3fff01e3]
[    0.000000] ACPI: Reserving DSDT table memory at [mem 0x3fff0470-0x3fff2794]
[    0.000000] ACPI: Reserving FACS table memory at [mem 0x3fff0200-0x3fff023f]
[    0.000000] ACPI: Reserving FACS table memory at [mem 0x3fff0200-0x3fff023f]
[    0.000000] ACPI: Reserving APIC table memory at [mem 0x3fff0240-0x3fff029b]
[    0.000000] ACPI: Reserving SSDT table memory at [mem 0x3fff02a0-0x3fff046b]
[    0.000000] No NUMA configuration found
[    0.000000] Faking a node at [mem 0x0000000000000000-0x000000003ffeffff]
[    0.000000] NODE_DATA(0) allocated [mem 0x3ffc5000-0x3ffeffff]
[    0.000000] kvm-clock: cpu 0, msr 0:3ff44001, primary cpu clock
[    0.000000] kvm-clock: Using msrs 4b564d01 and 4b564d00
[    0.000000] kvm-clock: using sched offset of 3142864747 cycles
[    0.000000] clocksource: kvm-clock: mask: 0xffffffffffffffff max_cycles: 0x1cd42e4dffb, max_idle_ns: 881590591483 ns
[    0.000000] Zone ranges:
[    0.000000]   DMA      [mem 0x0000000000001000-0x0000000000ffffff]
[    0.000000]   DMA32    [mem 0x0000000001000000-0x000000003ffeffff]
[    0.000000]   Normal   empty
[    0.000000]   Device   empty
[    0.000000] Movable zone start for each node
[    0.000000] Early memory node ranges
[    0.000000]   node   0: [mem 0x0000000000001000-0x000000000009efff]
[    0.000000]   node   0: [mem 0x0000000000100000-0x000000003ffeffff]
[    0.000000] Reserved but unavailable: 104 pages
[    0.000000] Initmem setup node 0 [mem 0x0000000000001000-0x000000003ffeffff]
[    0.000000] ACPI: PM-Timer IO Port: 0x4008
[    0.000000] IOAPIC[0]: apic_id 2, version 32, address 0xfec00000, GSI 0-23
[    0.000000] ACPI: INT_SRC_OVR (bus 0 bus_irq 0 global_irq 2 dfl dfl)
[    0.000000] ACPI: INT_SRC_OVR (bus 0 bus_irq 9 global_irq 9 low level)
[    0.000000] Using ACPI (MADT) for SMP configuration information
[    0.000000] smpboot: Allowing 2 CPUs, 0 hotplug CPUs
[    0.000000] PM: Registered nosave memory: [mem 0x00000000-0x00000fff]
[    0.000000] PM: Registered nosave memory: [mem 0x0009f000-0x0009ffff]
[    0.000000] PM: Registered nosave memory: [mem 0x000a0000-0x000effff]
[    0.000000] PM: Registered nosave memory: [mem 0x000f0000-0x000fffff]
[    0.000000] e820: [mem 0x40000000-0xfebfffff] available for PCI devices
[    0.000000] Booting paravirtualized kernel on KVM
[    0.000000] clocksource: refined-jiffies: mask: 0xffffffff max_cycles: 0xffffffff, max_idle_ns: 7645519600211568 ns
[    0.000000] random: get_random_bytes called from start_kernel+0x99/0x500 with crng_init=0
[    0.000000] setup_percpu: NR_CPUS:8192 nr_cpumask_bits:2 nr_cpu_ids:2 nr_node_ids:1
[    0.000000] percpu: Embedded 45 pages/cpu s147456 r8192 d28672 u1048576
[    0.000000] PV qspinlock hash table entries: 256 (order: 0, 4096 bytes)
[    0.000000] Built 1 zonelists, mobility grouping on.  Total pages: 257913
[    0.000000] Policy zone: DMA32
[    0.000000] Kernel command line: BOOT_IMAGE=/boot/vmlinuz-4.15.0-151-generic root=LABEL=cloudimg-rootfs ro console=tty1 console=ttyS0
[    0.000000] Memory: 982720K/1048120K available (12300K kernel code, 2483K rwdata, 4320K rodata, 2448K init, 2724K bss, 65400K reserved, 0K cma-reserved)
[    0.000000] SLUB: HWalign=64, Order=0-3, MinObjects=0, CPUs=2, Nodes=1
[    0.000000] Kernel/User page tables isolation: enabled
[    0.000000] ftrace: allocating 39460 entries in 155 pages
[    0.004000] Hierarchical RCU implementation.
[    0.004000] 	RCU restricting CPUs from NR_CPUS=8192 to nr_cpu_ids=2.
[    0.004000] 	Tasks RCU enabled.
[    0.004000] RCU: Adjusting geometry for rcu_fanout_leaf=16, nr_cpu_ids=2
[    0.004000] NR_IRQS: 524544, nr_irqs: 440, preallocated irqs: 16
[    0.004000] Console: colour VGA+ 80x25
[    0.004000] console [tty1] enabled
[    0.004000] console [ttyS0] enabled
[    0.004000] ACPI: Core revision 20170831
[    0.004000] ACPI: 2 ACPI AML tables successfully acquired and loaded
[    0.004000] APIC: Switch to symmetric I/O mode setup
[    0.004000] x2apic enabled
[    0.004000] Switched APIC routing to physical x2apic.
[    0.004000] ..TIMER: vector=0x30 apic1=0 pin1=2 apic2=-1 pin2=-1
[    0.004000] tsc: Detected 3191.982 MHz processor
[    0.004000] Calibrating delay loop (skipped) preset value.. 6383.96 BogoMIPS (lpj=12767928)
[    0.004005] pid_max: default: 32768 minimum: 301
[    0.004615] Security Framework initialized
[    0.005166] Yama: becoming mindful.
[    0.005646] AppArmor: AppArmor initialized
[    0.006809] Dentry cache hash table entries: 131072 (order: 8, 1048576 bytes)
[    0.008072] Inode-cache hash table entries: 65536 (order: 7, 524288 bytes)
[    0.008743] Mount-cache hash table entries: 2048 (order: 2, 16384 bytes)
[    0.009430] Mountpoint-cache hash table entries: 2048 (order: 2, 16384 bytes)
[    0.010542] Last level iTLB entries: 4KB 64, 2MB 8, 4MB 8
[    0.011263] Last level dTLB entries: 4KB 64, 2MB 0, 4MB 0, 1GB 4
[    0.012002] Spectre V1 : Mitigation: usercopy/swapgs barriers and __user pointer sanitization
[    0.013067] Spectre V2 : Mitigation: Full generic retpoline
[    0.013755] Spectre V2 : Spectre v2 / SpectreRSB mitigation: Filling RSB on context switch
[    0.014767] Speculative Store Bypass: Vulnerable
[    0.015392] SRBDS: Unknown: Dependent on hypervisor status
[    0.016001] MDS: Mitigation: Clear CPU buffers
[    0.016691] Freeing SMP alternatives memory: 36K
[    0.128000] smpboot: CPU0: Intel(R) Core(TM) i7-8700 CPU @ 3.20GHz (family: 0x6, model: 0x9e, stepping: 0xa)
[    0.128000] Performance Events: unsupported p6 CPU model 158 no PMU driver, software events only.
[    0.128000] Hierarchical SRCU implementation.
[    0.128000] NMI watchdog: Perf event create on CPU 0 failed with -2
[    0.128000] NMI watchdog: Perf NMI watchdog permanently disabled
[    0.128036] smp: Bringing up secondary CPUs ...
[    0.128720] x86: Booting SMP configuration:
[    0.129289] .... node  #0, CPUs:      #1
[    0.004000] kvm-clock: cpu 1, msr 0:3ff44041, secondary cpu clock
[    0.136022] smp: Brought up 1 node, 2 CPUs
[    0.136568] smpboot: Max logical packages: 1
[    0.137111] smpboot: Total of 2 processors activated (12767.92 BogoMIPS)
[    0.137997] devtmpfs: initialized
[    0.137997] x86/mm: Memory block size: 128MB
[    0.140151] evm: security.selinux
[    0.140632] evm: security.SMACK64
[    0.141121] evm: security.SMACK64EXEC
[    0.141521] evm: security.SMACK64TRANSMUTE
[    0.141971] evm: security.SMACK64MMAP
[    0.142396] evm: security.apparmor
[    0.142770] evm: security.ima
[    0.143152] evm: security.capability
[    0.143762] clocksource: jiffies: mask: 0xffffffff max_cycles: 0xffffffff, max_idle_ns: 7645041785100000 ns
[    0.144014] futex hash table entries: 512 (order: 3, 32768 bytes)
[    0.144926] pinctrl core: initialized pinctrl subsystem
[    0.146275] RTC time: 19:52:45, date: 08/06/21
[    0.148138] NET: Registered protocol family 16
[    0.148777] audit: initializing netlink subsys (disabled)
[    0.149465] audit: type=2000 audit(1628279570.002:1): state=initialized audit_enabled=0 res=1
[    0.150776] cpuidle: using governor ladder
[    0.152008] cpuidle: using governor menu
[    0.152609] ACPI: bus type PCI registered
[    0.153125] acpiphp: ACPI Hot Plug PCI Controller Driver version: 0.5
[    0.156013] PCI: Using configuration type 1 for base access
[    0.157099] HugeTLB registered 2.00 MiB page size, pre-allocated 0 pages
[    0.157099] ACPI: Added _OSI(Module Device)
[    0.157099] ACPI: Added _OSI(Processor Device)
[    0.160008] ACPI: Added _OSI(3.0 _SCP Extensions)
[    0.160645] ACPI: Added _OSI(Processor Aggregator Device)
[    0.161386] ACPI: Added _OSI(Linux-Dell-Video)
[    0.162063] ACPI: Added _OSI(Linux-Lenovo-NV-HDMI-Audio)
[    0.162787] ACPI: Added _OSI(Linux-HPI-Hybrid-Graphics)
[    0.164218] ACPI: Executed 1 blocks of module-level executable AML code
[    0.167816] ACPI: Interpreter enabled
[    0.168013] ACPI: (supports S0 S5)
[    0.168488] ACPI: Using IOAPIC for interrupt routing
[    0.169292] PCI: Using host bridge windows from ACPI; if necessary, use "pci=nocrs" and report a bug
[    0.170520] ACPI: Enabled 2 GPEs in block 00 to 07
[    0.176312] ACPI: PCI Root Bridge [PCI0] (domain 0000 [bus 00-ff])
[    0.177118] acpi PNP0A03:00: _OSC: OS supports [ASPM ClockPM Segments MSI]
[    0.178353] acpi PNP0A03:00: _OSC: not requesting OS control; OS requires [ExtendedConfig ASPM ClockPM MSI]
[    0.179578] acpi PNP0A03:00: fail to add MMCONFIG information, can't access extended PCI configuration space under this bridge.
[    0.180309] PCI host bridge to bus 0000:00
[    0.180823] pci_bus 0000:00: root bus resource [io  0x0000-0x0cf7 window]
[    0.182682] pci_bus 0000:00: root bus resource [io  0x0d00-0xffff window]
[    0.184000] pci_bus 0000:00: root bus resource [mem 0x000a0000-0x000bffff window]
[    0.184004] pci_bus 0000:00: root bus resource [mem 0x40000000-0xfdffffff window]
[    0.184901] pci_bus 0000:00: root bus resource [bus 00-ff]
[    0.189373] pci 0000:00:01.1: legacy IDE quirk: reg 0x10: [io  0x01f0-0x01f7]
[    0.190201] pci 0000:00:01.1: legacy IDE quirk: reg 0x14: [io  0x03f6]
[    0.190947] pci 0000:00:01.1: legacy IDE quirk: reg 0x18: [io  0x0170-0x0177]
[    0.192002] pci 0000:00:01.1: legacy IDE quirk: reg 0x1c: [io  0x0376]
[    0.203247] pci 0000:00:07.0: quirk: [io  0x4000-0x403f] claimed by PIIX4 ACPI
[    0.204022] pci 0000:00:07.0: quirk: [io  0x4100-0x410f] claimed by PIIX4 SMB
[    0.212133] ACPI: PCI Interrupt Link [LNKA] (IRQs 5 9 10 *11)
[    0.213294] ACPI: PCI Interrupt Link [LNKB] (IRQs 5 9 *10 11)
[    0.214207] ACPI: PCI Interrupt Link [LNKC] (IRQs 5 *9 10 11)
[    0.215087] ACPI: PCI Interrupt Link [LNKD] (IRQs 5 9 10 *11)
[    0.216271] SCSI subsystem initialized
[    0.216871] pci 0000:00:02.0: vgaarb: setting as boot VGA device
[    0.216871] pci 0000:00:02.0: vgaarb: VGA device added: decodes=io+mem,owns=io+mem,locks=none
[    0.217980] pci 0000:00:02.0: vgaarb: bridge control possible
[    0.218754] vgaarb: loaded
[    0.220035] ACPI: bus type USB registered
[    0.220621] usbcore: registered new interface driver usbfs
[    0.221367] usbcore: registered new interface driver hub
[    0.222103] usbcore: registered new device driver usb
[    0.222832] EDAC MC: Ver: 3.0.0
[    0.222832] PCI: Using ACPI for IRQ routing
[    0.224249] NetLabel: Initializing
[    0.224752] NetLabel:  domain hash size = 128
[    0.225401] NetLabel:  protocols = UNLABELED CIPSOv4 CALIPSO
[    0.226183] NetLabel:  unlabeled traffic allowed by default
[    0.226992] clocksource: Switched to clocksource kvm-clock
[    0.236021] VFS: Disk quotas dquot_6.6.0
[    0.236666] VFS: Dquot-cache hash table entries: 512 (order 0, 4096 bytes)
[    0.237638] AppArmor: AppArmor Filesystem Enabled
[    0.238311] pnp: PnP ACPI init
[    0.239712] pnp: PnP ACPI: found 3 devices
[    0.249938] clocksource: acpi_pm: mask: 0xffffff max_cycles: 0xffffff, max_idle_ns: 2085701024 ns
[    0.251005] NET: Registered protocol family 2
[    0.251669] TCP established hash table entries: 8192 (order: 4, 65536 bytes)
[    0.252410] TCP bind hash table entries: 8192 (order: 5, 131072 bytes)
[    0.253540] TCP: Hash tables configured (established 8192 bind 8192)
[    0.254294] UDP hash table entries: 512 (order: 2, 16384 bytes)
[    0.255068] UDP-Lite hash table entries: 512 (order: 2, 16384 bytes)
[    0.255979] NET: Registered protocol family 1
[    0.256650] pci 0000:00:00.0: Limiting direct PCI/PCI transfers
[    0.257466] pci 0000:00:01.0: Activating ISA DMA hang workarounds
[    0.258332] pci 0000:00:02.0: Video device with shadowed ROM at [mem 0x000c0000-0x000dffff]
[    0.259571] Unpacking initramfs...
[    0.482250] Freeing initrd memory: 19516K
[    0.482886] clocksource: tsc: mask: 0xffffffffffffffff max_cycles: 0x2e02b392dae, max_idle_ns: 440795287017 ns
[    0.484220] platform rtc_cmos: registered platform RTC device (no PNP device found)
[    0.485215] Scanning for low memory corruption every 60 seconds
[    0.486488] Initialise system trusted keyrings
[    0.487114] Key type blacklist registered
[    0.487655] workingset: timestamp_bits=36 max_order=18 bucket_order=0
[    0.489228] zbud: loaded
[    0.489964] squashfs: version 4.0 (2009/01/31) Phillip Lougher
[    0.490810] fuse init (API version 7.26)
[    0.492986] Key type asymmetric registered
[    0.493523] Asymmetric key parser 'x509' registered
[    0.494162] Block layer SCSI generic (bsg) driver version 0.4 loaded (major 246)
[    0.495135] io scheduler noop registered
[    0.495626] io scheduler deadline registered
[    0.496220] io scheduler cfq registered (default)
[    0.497025] ACPI: AC Adapter [AC] (on-line)
[    0.497624] input: Power Button as /devices/LNXSYSTM:00/LNXPWRBN:00/input/input0
[    0.498584] ACPI: Power Button [PWRF]
[    0.500041] input: Sleep Button as /devices/LNXSYSTM:00/LNXSLPBN:00/input/input1
[    0.502199] ACPI: Sleep Button [SLPF]
[    0.502957] Serial: 8250/16550 driver, 32 ports, IRQ sharing enabled
[    0.524249] 00:02: ttyS0 at I/O 0x3f8 (irq = 4, base_baud = 115200) is a 16550A
[    0.527160] Linux agpgart interface v0.103
[    0.528973] loop: module loaded
[    0.529850] scsi host0: ata_piix
[    0.530443] scsi host1: ata_piix
[    0.531858] ata1: PATA max UDMA/33 cmd 0x1f0 ctl 0x3f6 bmdma 0xd000 irq 14
[    0.533972] ata2: PATA max UDMA/33 cmd 0x170 ctl 0x376 bmdma 0xd008 irq 15
[    0.535065] libphy: Fixed MDIO Bus: probed
[    0.535680] tun: Universal TUN/TAP device driver, 1.6
[    0.536423] PPP generic driver version 2.4.2
[    0.537008] ehci_hcd: USB 2.0 'Enhanced' Host Controller (EHCI) Driver
[    0.537697] ehci-pci: EHCI PCI platform driver
[    0.538226] ehci-platform: EHCI generic platform driver
[    0.538840] ohci_hcd: USB 1.1 'Open' Host Controller (OHCI) Driver
[    0.539551] ohci-pci: OHCI PCI platform driver
[    0.540109] ohci-platform: OHCI generic platform driver
[    0.540734] uhci_hcd: USB Universal Host Controller Interface driver
[    0.541515] i8042: PNP: PS/2 Controller [PNP0303:PS2K,PNP0f03:PS2M] at 0x60,0x64 irq 1,12
[    0.542787] serio: i8042 KBD port at 0x60,0x64 irq 1
[    0.543396] serio: i8042 AUX port at 0x60,0x64 irq 12
[    0.544183] mousedev: PS/2 mouse device common for all mice
[    0.545234] input: AT Translated Set 2 keyboard as /devices/platform/i8042/serio0/input/input2
[    0.546546] rtc_cmos rtc_cmos: rtc core: registered rtc_cmos as rtc0
[    0.547356] rtc_cmos rtc_cmos: alarms up to one day, 114 bytes nvram
[    0.548175] i2c /dev entries driver
[    0.548693] device-mapper: uevent: version 1.0.3
[    0.549373] device-mapper: ioctl: 4.37.0-ioctl (2017-09-20) initialised: dm-devel@redhat.com
[    0.550473] ledtrig-cpu: registered to indicate activity on CPUs
[    0.551440] NET: Registered protocol family 10
[    0.554822] Segment Routing with IPv6
[    0.555380] NET: Registered protocol family 17
[    0.556104] Key type dns_resolver registered
[    0.556903] mce: Using 0 MCE banks
[    0.557404] RAS: Correctable Errors collector initialized.
[    0.558164] sched_clock: Marking stable (556879701, 0)->(661443209, -104563508)
[    0.559478] registered taskstats version 1
[    0.560078] Loading compiled-in X.509 certificates
[    0.562701] Loaded X.509 cert 'Build time autogenerated kernel key: f57eddc348b36f7d35fd4232c73b07389449520d'
[    0.564314] Loaded X.509 cert 'Canonical Ltd. Live Patch Signing: 14df34d1a87cf37625abec039ef2bf521249b969'
[    0.565966] Loaded X.509 cert 'Canonical Ltd. Kernel Module Signing: 88f752e560a1e0737e31163a466ad7b70a850c19'
[    0.567264] zswap: loaded using pool lzo/zbud
[    0.570564] Key type big_key registered
[    0.571024] Key type trusted registered
[    0.572800] Key type encrypted registered
[    0.573365] AppArmor: AppArmor sha1 policy hashing enabled
[    0.574034] ima: No TPM chip found, activating TPM-bypass! (rc=-19)
[    0.574775] ima: Allocated hash algorithm: sha1
[    0.575383] evm: HMAC attrs: 0x1
[    0.576069]   Magic number: 1:817:899
[    0.576655] rtc_cmos rtc_cmos: setting system clock to 2021-08-06 19:52:45 UTC (1628279565)
[    0.577791] BIOS EDD facility v0.16 2004-Jun-25, 0 devices found
[    0.578619] EDD information not available.
[    0.716896] Freeing unused kernel image memory: 2448K
[    0.743373] Write protecting the kernel read-only data: 20480k
[    0.744674] Freeing unused kernel image memory: 2008K
[    0.745620] Freeing unused kernel image memory: 1824K
[    0.751759] x86/mm: Checked W+X mappings: passed, no W+X pages found.
[    0.752573] x86/mm: Checking user space page tables
[    0.758087] x86/mm: Checked W+X mappings: passed, no W+X pages found.
Loading, please wait...
starting version 237
[    0.811167] e1000: Intel(R) PRO/1000 Network Driver - version 7.3.21-k8-NAPI
[    0.812252] e1000: Copyright (c) 1999-2006 Intel Corporation.
[    0.815229] Fusion MPT base driver 3.04.20
[    0.815820] Copyright (c) 1999-2008 LSI Corporation
[    0.832688] AVX2 version of gcm_enc/dec engaged.
[    0.833294] AES CTR mode by8 optimization enabled
[    0.835820] Fusion MPT SPI Host driver 3.04.20
[    1.051502] input: ImExPS/2 Generic Explorer Mouse as /devices/platform/i8042/serio1/input/input4
[    1.516880] e1000 0000:00:03.0 eth0: (PCI:33MHz:32-bit) 02:2a:e1:ea:70:72
[    1.517763] e1000 0000:00:03.0 eth0: Intel(R) PRO/1000 Network Connection
[    1.867132] e1000 0000:00:08.0 eth1: (PCI:33MHz:32-bit) 08:00:27:66:01:6a
[    1.868444] e1000 0000:00:08.0 eth1: Intel(R) PRO/1000 Network Connection
[    1.870682] e1000 0000:00:08.0 enp0s8: renamed from eth1
[    1.878907] mptbase: ioc0: Initiating bringup
[    1.896168] e1000 0000:00:03.0 enp0s3: renamed from eth0
[    1.988275] ioc0: LSI53C1030 A0: Capabilities={Initiator}
[    2.229152] scsi host2: ioc0: LSI53C1030 A0, FwRev=00000000h, Ports=1, MaxQ=256, IRQ=20
[    2.404336] scsi 2:0:0:0: Direct-Access     VBOX     HARDDISK         1.0  PQ: 0 ANSI: 5
[    2.436090] scsi target2:0:0: Beginning Domain Validation
[    2.437775] scsi target2:0:0: Domain Validation skipping write tests
[    2.442948] scsi target2:0:0: Ending Domain Validation
[    2.443720] scsi target2:0:0: asynchronous
[    2.444695] scsi 2:0:1:0: Direct-Access     VBOX     HARDDISK         1.0  PQ: 0 ANSI: 5
[    2.476088] scsi target2:0:1: Beginning Domain Validation
[    2.477879] random: fast init done
[    2.477886] scsi target2:0:1: Domain Validation skipping write tests
[    2.479299] scsi target2:0:1: Ending Domain Validation
[    2.480028] scsi target2:0:1: asynchronous
[    2.483647] random: systemd-udevd: uninitialized urandom read (16 bytes read)
[    2.483719] sd 2:0:0:0: Attached scsi generic sg0 type 0
[    2.484743] sd 2:0:0:0: [sda] 83886080 512-byte logical blocks: (42.9 GB/40.0 GiB)
[    2.485555] sd 2:0:1:0: Attached scsi generic sg1 type 0
[    2.487025] random: systemd-udevd: uninitialized urandom read (16 bytes read)
[    2.488716] sd 2:0:0:0: [sda] Write Protect is off
[    2.489414] random: systemd-udevd: uninitialized urandom read (16 bytes read)
[    2.490382] sd 2:0:1:0: [sdb] 20480 512-byte logical blocks: (10.5 MB/10.0 MiB)
[    2.490404] sd 2:0:0:0: [sda] Incomplete mode parameter data
[    2.492042] sd 2:0:0:0: [sda] Assuming drive cache: write through
[    2.492057] sd 2:0:1:0: [sdb] Write Protect is off
[    2.493637] sd 2:0:1:0: [sdb] Incomplete mode parameter data
[    2.494081]  sda: sda1
[    2.494424] sd 2:0:1:0: [sdb] Assuming drive cache: write through
[    2.496405] sd 2:0:0:0: [sda] Attached SCSI disk
[    2.498057] sd 2:0:1:0: [sdb] Attached SCSI disk
Begin: Loading essential drivers ... [    3.891709] raid6: sse2x1   gen() 15932 MB/s
[    3.951737] raid6: sse2x1   xor() 11325 MB/s
[    4.003739] raid6: sse2x2   gen() 17021 MB/s
[    4.059545] raid6: sse2x2   xor() 12541 MB/s
[    4.123715] raid6: sse2x4   gen() 18883 MB/s
[    4.183735] raid6: sse2x4   xor() 13931 MB/s
[    4.237871] raid6: avx2x1   gen() 28931 MB/s
[    4.295529] raid6: avx2x1   xor() 22808 MB/s
[    4.340034] raid6: avx2x2   gen() 28414 MB/s
[    4.399842] raid6: avx2x2   xor() 24956 MB/s
[    4.451431] raid6: avx2x4   gen() 39326 MB/s
[    4.496773] raid6: avx2x4   xor() 20286 MB/s
[    4.497386] raid6: using algorithm avx2x4 gen() 39326 MB/s
[    4.498064] raid6: .... xor() 20286 MB/s, rmw enabled
[    4.498658] raid6: using avx2x2 recovery algorithm
[    4.500363] xor: automatically using best checksumming function   avx       
[    4.502243] async_tx: api initialized (async)
done.
Begin: Running /scripts/init-premount ... done.
Begin: Mounting root file system ... Begin: Running /scripts/local-top ... done.
Begin: Running /scripts/local-premount ... [    4.540920] Btrfs loaded, crc32c=crc32c-intel
Scanning for Btrfs filesystems
done.
Warning: fsck not present, so skipping root file system
[    4.564374] EXT4-fs (sda1): mounted filesystem with ordered data mode. Opts: (null)
done.
Begin: Running /scripts/local-bottom ... done.
Begin: Running /scripts/init-bottom ... done.
[    4.731352] ip_tables: (C) 2000-2006 Netfilter Core Team
[    4.740296] systemd[1]: systemd 237 running in system mode. (+PAM +AUDIT +SELINUX +IMA +APPARMOR +SMACK +SYSVINIT +UTMP +LIBCRYPTSETUP +GCRYPT +GNUTLS +ACL +XZ +LZ4 +SECCOMP +BLKID +ELFUTILS +KMOD -IDN2 +IDN -PCRE2 default-hierarchy=hybrid)
[    4.742810] systemd[1]: Detected virtualization oracle.
[    4.743497] systemd[1]: Detected architecture x86-64.

Welcome to [1mUbuntu 18.04.5 LTS[0m!

[    4.747673] systemd[1]: Set hostname to <ubuntu>.
[    4.751771] systemd[1]: Initializing machine ID from random generator.
[    4.752668] systemd[1]: Installed transient /etc/machine-id file.
[    4.975187] systemd[1]: Started Forward Password Requests to Wall Directory Watch.
[[0;32m  OK  [0m] Started Forward Password Requests to Wall Directory Watch.
[    4.977020] systemd[1]: Reached target User and Group Name Lookups.
[[0;32m  OK  [0m] Reached target User and Group Name Lookups.
[    4.978451] systemd[1]: Reached target System Time Synchronized.
[[0;32m  OK  [0m] Reached target System Time Synchronized.
[    4.981042] systemd[1]: Created slice System Slice.
[[0;32m  OK  [0m] Created slice System Slice.
[[0;32m  OK  [0m] Listening on /dev/initctl Compatibility Named Pipe.
[[0;32m  OK  [0m] Listening on udev Kernel Socket.
[[0;32m  OK  [0m] Created slice system-serial\x2dgetty.slice.
[[0;32m  OK  [0m] Listening on udev Control Socket.
[[0;32m  OK  [0m] Listening on Journal Socket (/dev/log).
[[0;32m  OK  [0m] Listening on Device-mapper event daemon FIFOs.
[[0;32m  OK  [0m] Listening on Journal Audit Socket.
[[0;32m  OK  [0m] Listening on Network Service Netlink Socket.
[[0;32m  OK  [0m] Listening on fsck to fsckd communication Socket.
[[0;32m  OK  [0m] Listening on Syslog Socket.
[[0;32m  OK  [0m] Listening on LVM2 poll daemon socket.
[[0;32m  OK  [0m] Listening on Journal Socket.
         Starting Load Kernel Modules...
         Starting File System Check on Root Device...
         Starting Journal Service...
         Starting Uncomplicated firewall...
         Mounting POSIX Message Queue File System...
         Mounting Kernel Debug File System...
         Starting udev Coldplug all Devices...
         Starting Create list of required stâ€¦ce nodes for the current kernel...
         Mounting Huge Pages File System...
[[0;32m  OK  [0m] Created slice User and Session Slice.
[[0;32m  OK  [0m] Reached target Slices.
[    5.006013] Loading iSCSI transport class v2.0-870.
         Starting Set the console keyboard layout...
[[0;32m  OK  [0m] Listening on LVM2 metadata daemon socket.
         Starting Monitoring of LVM2 mirrorsâ€¦ng dmeventd or progress polling...
[[0;32m  OK  [0m] Reached target Swap.
[[0;32m  OK  [0m] Set up automount Arbitrary Executabâ€¦rmats File System Automount Point.
[[0;32m  OK  [0m] Started Journal Service.
[[0;32m  OK  [0m] Started Uncomplicated firewall.
[[0;32m  OK  [0m] Started Create list of required staâ€¦vice nodes for the current kernel.
[[0;32m  OK  [0m] Started File System Check Daemon to report status.
[[0;32m  OK  [0m] Started LVM2 metadata daemon.
         Starting Create Static Device Nodes in /dev...
[    5.106728] iscsi: registered transport (tcp)
[[0;32m  OK  [0m] Mounted POSIX Message Queue File System.
[[0;32m  OK  [0m] Mounted Kernel Debug File System.
[[0;32m  OK  [0m] Mounted Huge Pages File System.
[[0;32m  OK  [0m] Started udev Coldplug all Devices.
[[0;32m  OK  [0m] Started Create Static Device Nodes in /dev.
[[0;32m  OK  [0m] Started File System Check on Root Device.
         Starting Remount Root and Kernel File Systems...
[    5.178095] iscsi: registered transport (iser)
[[0;32m  OK  [0m] Started Load Kernel Modules.
         Starting Apply Kernel Variables...
         Mounting Kernel Configuration File System...
         Mounting FUSE Control File System...
[[0;32m  OK  [0m] Mounted Kernel Configuration File System.
[[0;32m  OK  [0m] Mounted FUSE Control File System.
[[0;32m  OK  [0m] Started Monitoring of LVM2 mirrors,â€¦sing dmeventd or progress polling.
[[0;32m  OK  [0m] Started Remount Root and Kernel File Systems.
         Starting udev Kernel Device Manager...
         Starting Load/Save Random Seed...
         Starting Flush Journal to Persistent Storage...
[[0;32m  OK  [0m] Started Apply Kernel Variables.
[[0;32m  OK  [0m] Started Load/Save Random Seed.
[[0;32m  OK  [0m] Started Set the console keyboard layout.
[[0;32m  OK  [0m] Reached target Local File Systems (Pre).
[[0;32m  OK  [0m] Reached target Local File Systems.
         Starting Tell Plymouth To Write Out Runtime Data...
         Starting AppArmor initialization...
         Starting Commit a transient machine-id on disk...
         Starting ebtables ruleset management...
         Starting Set console font and keymap...
[[0;32m  OK  [0m] Started udev Kernel Device Manager.
[[0;32m  OK  [0m] Started Dispatch Password Requests to Console Directory Watch.
[[0;32m  OK  [0m] Reached target Local Encrypted Volumes.
[[0;32m  OK  [0m] Started Tell Plymouth To Write Out Runtime Data.
[[0;32m  OK  [0m] Started Flush Journal to Persistent Storage.
         Starting Create Volatile Files and Directories...
[[0;32m  OK  [0m] Started Set console font and keymap.
[[0;32m  OK  [0m] Started Create Volatile Files and Directories.
         Starting Update UTMP about System Boot/Shutdown...
[[0;32m  OK  [0m] Started Update UTMP about System Boot/Shutdown.
[[0;32m  OK  [0m] Started Commit a transient machine-id on disk.
[[0;32m  OK  [0m] Found device /dev/ttyS0.
[[0;32m  OK  [0m] Started ebtables ruleset management.
[[0;32m  OK  [0m] Listening on Load/Save RF Kill Switch Status /dev/rfkill Watch.
[[0;32m  OK  [0m] Started AppArmor initialization.
         Starting Load AppArmor profiles managed internally by snapd...
         Starting Initial cloud-init job (pre-networking)...
[[0;32m  OK  [0m] Started Load AppArmor profiles managed internally by snapd.
[    7.026853] cloud-init[563]: Cloud-init v. 21.2-3-g899bfaa9-0ubuntu2~18.04.1 running 'init-local' at Fri, 06 Aug 2021 19:52:51 +0000. Up 6.76 seconds.
[[0;32m  OK  [0m] Started Initial cloud-init job (pre-networking).
[[0;32m  OK  [0m] Reached target Network (Pre).
         Starting Network Service...
[[0;32m  OK  [0m] Started Network Service.
         Starting Network Name Resolution...
         Starting Wait for Network to be Configured...
[[0;32m  OK  [0m] Started Network Name Resolution.
[[0;32m  OK  [0m] Reached target Host and Network Name Lookups.
[[0;32m  OK  [0m] Reached target Network.
[[0;32m  OK  [0m] Started Wait for Network to be Configured.
         Starting Initial cloud-init job (metadata service crawler)...
[    9.496282] cloud-init[677]: Cloud-init v. 21.2-3-g899bfaa9-0ubuntu2~18.04.1 running 'init' at Fri, 06 Aug 2021 19:52:54 +0000. Up 9.38 seconds.
[    9.497330] cloud-init[677]: ci-info: ++++++++++++++++++++++++++++++++++++++Net device info+++++++++++++++++++++++++++++++++++++++
[    9.498296] cloud-init[677]: ci-info: +--------+-------+----------------------------+---------------+--------+-------------------+
[    9.499269] cloud-init[677]: ci-info: | Device |   Up  |          Address           |      Mask     | Scope  |     Hw-Address    |
[    9.510433] cloud-init[677]: ci-info: +--------+-------+----------------------------+---------------+--------+-------------------+
[    9.511289] cloud-init[677]: ci-info: | enp0s3 |  True |         10.0.2.15          | 255.255.255.0 | global | 02:2a:e1:ea:70:72 |
[    9.512150] cloud-init[677]: ci-info: | enp0s3 |  True | fe80::2a:e1ff:feea:7072/64 |       .       |  link  | 02:2a:e1:ea:70:72 |
[    9.513039] cloud-init[677]: ci-info: | enp0s8 | False |             .              |       .       |   .    | 08:00:27:66:01:6a |
[    9.513758] cloud-init[677]: ci-info: |   lo   |  True |         127.0.0.1          |   255.0.0.0   |  host  |         .         |
[    9.528148] cloud-init[677]: ci-info: |   lo   |  True |          ::1/128           |       .       |  host  |         .         |
[    9.528953] cloud-init[677]: ci-info: +--------+-------+----------------------------+---------------+--------+-------------------+
[    9.529871] cloud-init[677]: ci-info: ++++++++++++++++++++++++++++Route IPv4 info+++++++++++++++++++++++++++++
[    9.544177] cloud-init[677]: ci-info: +-------+-------------+----------+-----------------+-----------+-------+
[    9.544845] cloud-init[677]: ci-info: | Route | Destination | Gateway  |     Genmask     | Interface | Flags |
[    9.545601] cloud-init[677]: ci-info: +-------+-------------+----------+-----------------+-----------+-------+
[    9.546357] cloud-init[677]: ci-info: |   0   |   0.0.0.0   | 10.0.2.2 |     0.0.0.0     |   enp0s3  |   UG  |
[    9.556316] cloud-init[677]: ci-info: |   1   |   10.0.2.0  | 0.0.0.0  |  255.255.255.0  |   enp0s3  |   U   |
[    9.557076] cloud-init[677]: ci-info: |   2   |   10.0.2.2  | 0.0.0.0  | 255.255.255.255 |   enp0s3  |   UH  |
[    9.557955] cloud-init[677]: ci-info: +-------+-------------+----------+-----------------+-----------+-------+
[    9.568232] cloud-init[677]: ci-info: +++++++++++++++++++Route IPv6 info+++++++++++++++++++
[    9.568858] cloud-init[677]: ci-info: +-------+-------------+---------+-----------+-------+
[    9.569485] cloud-init[677]: ci-info: | Route | Destination | Gateway | Interface | Flags |
[    9.570131] cloud-init[677]: ci-info: +-------+-------------+---------+-----------+-------+
[    9.572173] cloud-init[677]: ci-info: |   1   |  fe80::/64  |    ::   |   enp0s3  |   U   |
[    9.573021] cloud-init[677]: ci-info: |   3   |    local    |    ::   |   enp0s3  |   U   |
[    9.573833] cloud-init[677]: ci-info: |   4   |   ff00::/8  |    ::   |   enp0s3  |   U   |
[    9.584186] cloud-init[677]: ci-info: +-------+-------------+---------+-----------+-------+
[   10.119804] cloud-init[677]: Generating public/private rsa key pair.
[   10.120342] cloud-init[677]: Your identification has been saved in /etc/ssh/ssh_host_rsa_key.
[   10.121125] cloud-init[677]: Your public key has been saved in /etc/ssh/ssh_host_rsa_key.pub.
[   10.121853] cloud-init[677]: The key fingerprint is:
[   10.122402] cloud-init[677]: SHA256:0QlkgEV83COob/o9Mtla/Vu+zAApqCDm6aSO6XoMXrg root@ubuntu-bionic
[   10.123192] cloud-init[677]: The key's randomart image is:
[   10.123686] cloud-init[677]: +---[RSA 2048]----+
[   10.124192] cloud-init[677]: |     =+=+.       |
[   10.124702] cloud-init[677]: |    . o.+oo.     |
[   10.125245] cloud-init[677]: |     . ...o.     |
[   10.125748] cloud-init[677]: |    .  . . .     |
[   10.126309] cloud-init[677]: |..o  .. S o      |
[   10.126900] cloud-init[677]: |+o.o .o  o .     |
[   10.127512] cloud-init[677]: |.*o .o o. . . .  |
[   10.128020] cloud-init[677]: |=Eo . +oo  . *   |
[   10.128579] cloud-init[677]: |O=   .o+..  o.=. |
[   10.129127] cloud-init[677]: +----[SHA256]-----+
[   10.129659] cloud-init[677]: Generating public/private dsa key pair.
[   10.130331] cloud-init[677]: Your identification has been saved in /etc/ssh/ssh_host_dsa_key.
[   10.131064] cloud-init[677]: Your public key has been saved in /etc/ssh/ssh_host_dsa_key.pub.
[   10.131848] cloud-init[677]: The key fingerprint is:
[   10.132405] cloud-init[677]: SHA256:d4w6gnjRViPw08sgk+DSzvE0K6BKh7tuhWXJCxO+7HM root@ubuntu-bionic
[   10.133156] cloud-init[677]: The key's randomart image is:
[   10.133688] cloud-init[677]: +---[DSA 1024]----+
[   10.134213] cloud-init[677]: |  . .            |
[   10.134721] cloud-init[677]: | + . + .         |
[   10.135246] cloud-init[677]: |+ * B = +        |
[   10.135777] cloud-init[677]: |.O.O * * o o     |
[   10.136344] cloud-init[677]: |oo@.= o S o o    |
[   10.136832] cloud-init[677]: |o+o= +   o .     |
[   10.137337] cloud-init[677]: |o.o o . o        |
[   10.148253] cloud-init[677]: | +.E   . .       |
[   10.148726] cloud-init[677]: |ooo              |
[   10.149170] cloud-init[677]: +----[SHA256]-----+
[   10.149714] cloud-init[677]: Generating public/private ecdsa key pair.
[   10.150382] cloud-init[677]: Your identification has been saved in /etc/ssh/ssh_host_ecdsa_key.
[   10.151217] cloud-init[677]: Your public key has been saved in /etc/ssh/ssh_host_ecdsa_key.pub.
[   10.152045] cloud-init[677]: The key fingerprint is:
[   10.152641] cloud-init[677]: SHA256:tVWihR2phE7X0usBSbjFeLgqdurGVbi1zR7jjrhBQxs root@ubuntu-bionic
[   10.153515] cloud-init[677]: The key's randomart image is:
[   10.154097] cloud-init[677]: +---[ECDSA 256]---+
[   10.154632] cloud-init[677]: |         B.*+o.  |
[   10.155153] cloud-init[677]: |        * @o=o   |
[   10.155714] cloud-init[677]: |      E+ Bo+..   |
[   10.156283] cloud-init[677]: |     ..o*..oo    |
[   10.156813] cloud-init[677]: |      +=S+.. .   |
[   10.157327] cloud-init[677]: |    o.=.. = .    |
[   10.157850] cloud-init[677]: |   o =.  o o     |
[   10.158389] cloud-init[677]: |    +  o .o      |
[   10.158911] cloud-init[677]: |   o. o....      |
[   10.159296] cloud-init[677]: +----[SHA256]-----+
[   10.159708] cloud-init[677]: Generating public/private ed25519 key pair.
[[0;32m  OK  [0m] Started Initial cloud-init job (metadata service crawler).
[   10.172648] cloud-init[677]: [[0;32m  OK  [0m] Reached target Network is Online.
Your identification has been saved in /etc/ssh/ssh_host_ed25519_key.
[   10.185331] cloud-init[677]: Your public key has been saved in /etc/ssh/ssh_host_ed25519_key.pub.         Starting Availability of block devices...
[[0;32m  OK  [0m] Reached target Remote File Systems (Pre).
[[0;32m  OK  [0m] Reached target Remote File Systems.
[[0;32m  OK  [0m] Reached target System Initialization.
[[0;32m  OK  [0m] Listening on ACPID Listen Socket.
[[0;32m  OK  [0m] Started Daily Cleanup of Temporary Directories.
[[0;32m  OK  [0m] Listening on D-Bus System Message Bus Socket.
[[0;32m  OK  [0m] Started Ubuntu Advantage update messaging.
[[0;32m  OK  [0m] Listening on Open-iSCSI iscsid Socket.
[[0;32m  OK  [0m] Started Daily apt download activities.

         Starting LXD - unix socket.
[   10.193026] cloud-init[677]: The key fingerprint is:
[   10.193427] cloud-init[677]: SHA256:hMKsN70bzurDrBzK8BhTiE4PwB9hIl2LIkdbPqAyoes root@ubuntu-bionic
[   10.194203] cloud-init[677]: The key's randomart image is:
[   10.194747] cloud-init[677]: +--[ED25519 256]--+
[[0;32m  OK  [0m] Started ACPI Events Check.
[[0;32m  OK  [0m] Reached target Paths.
[[0;32m  OK  [0m] Started Discard unused blocks once a week.
[   10.201567] cloud-init[677]: |ooo+o            |         Starting Socket activation for snappy daemon.
[[0;32m  OK  [0m] Started Daily apt upgrade and clean activities.
[[0;32m  OK  [0m] Listening on UUID daemon activation socket.
[[0;32m  OK  [0m] Started Message of the Day.
[[0;32m  OK  [0m] Reached target Timers.
[[0;32m  OK  [0m] Reached target Cloud-config availability.
[[0;32m  OK  [0m] Listening on LXD - unix socket.

[   10.207617] cloud-init[677]: |+++O.. .         |
[   10.208265] cloud-init[677]: [[0;32m  OK  [0m] Started Availability of block devices.
[[0;32m  OK  [0m] Listening on Socket activation for snappy daemon.
[[0;32m  OK  [0m] Reached target Sockets.
[[0;32m  OK  [0m] Reached target Basic System.
|O.+.B . .        |
[   10.210221] cloud-init[677]: |=*...+ .         |
[   10.210823]          Starting Pollinate to seed the pseudo random number generator...
cloud-init[677]: [[0;32m  OK  [0m] Started D-Bus System Message Bus.
|+oo.o . S        |
[   10.213424] cloud-init[677]: |+.o. . .         |
[   10.214042] cloud-init[677]: |+E.+  o          |
[   10.214589] cloud-init[677]: |oB .+o o         |
[   10.215154] cloud-init[677]: |o.+ooo+          |
[   10.216191] cloud-init[677]: +----[SHA256]-----+
[[0;32m  OK  [0m] Started Deferred execution scheduler.
[[0;32m  OK  [0m] Started irqbalance daemon.
         Starting LSB: automatic crash report generation...
         Starting LXD - container startup/shutdown...
         Starting Virtualbox guest utils...
         Starting Snap Daemon...
[[0;32m  OK  [0m] Started Regular background program processing daemon.
         Starting Accounts Service...
         Starting System Logging Service...
[[0;32m  OK  [0m] Started FUSE filesystem for LXC.
         Starting LSB: Record successful boot for GRUB...
         Starting Permit User Sessions...
         Starting Dispatcher daemon for systemd-networkd...
         Starting Login Service...
[[0;32m  OK  [0m] Started System Logging Service.
[[0;32m  OK  [0m] Started Permit User Sessions.
[[0;32m  OK  [0m] Started Login Service.
[[0;32m  OK  [0m] Started Unattended Upgrades Shutdown.
         Starting Authorization Manager...
         Starting Terminate Plymouth Boot Screen...
         Starting Hold until boot process finishes up...
[[0;32m  OK  [0m] Started Hold until boot process finishes up.
         Starting Set console scheme...
[[0;32m  OK  [0m] Started Serial Getty on ttyS0.
[[0;32m  OK  [0m] Started Terminate Plymouth Boot Screen.
[[0;32m  OK  [0m] Started LSB: automatic crash report generation.
[[0;32m  OK  [0m] Started LSB: Record successful boot for GRUB.
[[0;32m  OK  [0m] Started Authorization Manager.
[[0;32m  OK  [0m] Started Accounts Service.
[[0;32m  OK  [0m] Started Set console scheme.
[[0;32m  OK  [0m] Created slice system-getty.slice.
[[0;32m  OK  [0m] Started Getty on tty1.
[[0;32m  OK  [0m] Reached target Login Prompts.
[[0;32m  OK  [0m] Started Virtualbox guest utils.
[[0;32m  OK  [0m] Started LXD - container startup/shutdown.
[[0;32m  OK  [0m] Started Dispatcher daemon for systemd-networkd.
[[0;32m  OK  [0m] Started Snap Daemon.
         Starting Wait until snapd is fully seeded...
[[0;32m  OK  [0m] Started Pollinate to seed the pseudo random number generator.
         Starting OpenBSD Secure Shell server...
[[0;32m  OK  [0m] Started OpenBSD Secure Shell server.
[[0;32m  OK  [0m] Created slice User Slice of vagrant.
         Starting User Manager for UID 1000...
[[0;32m  OK  [0m] Started Session 1 of user vagrant.
[[0;32m  OK  [0m] Started User Manager for UID 1000.
         Stopping User Manager for UID 1000...
[[0;32m  OK  [0m] Started Session 3 of user vagrant.
[   17.120794] cloud-init[1575]: Cloud-init v. 21.2-3-g899bfaa9-0ubuntu2~18.04.1 running 'modules:config' at Fri, 06 Aug 2021 19:53:01 +0000. Up 16.60 seconds.

Ubuntu 18.04.5 LTS ubuntu-bionic ttyS0

ubuntu-bionic login: ci-info: no authorized SSH keys fingerprints found for user ubuntu.
<14>Aug  6 19:53:02 cloud-init: #############################################################
<14>Aug  6 19:53:02 cloud-init: -----BEGIN SSH HOST KEY FINGERPRINTS-----
<14>Aug  6 19:53:02 cloud-init: 1024 SHA256:d4w6gnjRViPw08sgk+DSzvE0K6BKh7tuhWXJCxO+7HM root@ubuntu-bionic (DSA)
<14>Aug  6 19:53:02 cloud-init: 256 SHA256:tVWihR2phE7X0usBSbjFeLgqdurGVbi1zR7jjrhBQxs root@ubuntu-bionic (ECDSA)
<14>Aug  6 19:53:02 cloud-init: 256 SHA256:hMKsN70bzurDrBzK8BhTiE4PwB9hIl2LIkdbPqAyoes root@ubuntu-bionic (ED25519)
<14>Aug  6 19:53:02 cloud-init: 2048 SHA256:0QlkgEV83COob/o9Mtla/Vu+zAApqCDm6aSO6XoMXrg root@ubuntu-bionic (RSA)
<14>Aug  6 19:53:02 cloud-init: -----END SSH HOST KEY FINGERPRINTS-----
<14>Aug  6 19:53:02 cloud-init: #############################################################
-----BEGIN SSH HOST KEY KEYS-----
ecdsa-sha2-nistp256 AAAAE2VjZHNhLXNoYTItbmlzdHAyNTYAAAAIbmlzdHAyNTYAAABBBKWZYRkLa+t9x3NOrGuG1mDgJy6EwDHfyYohR/GBuqyP3jAG+dCjr2F+o364dlUm4HoYbAfbPDV+xDyd0JZ7dWA= root@ubuntu-bionic
ssh-ed25519 AAAAC3NzaC1lZDI1NTE5AAAAIPjUK8N9p0Qu9ND2mZmOTK+GQI6oV9oYBJQno9rSPE4j root@ubuntu-bionic
ssh-rsa AAAAB3NzaC1yc2EAAAADAQABAAABAQDOSPeRuhd9Q1Gx20I35MWxr2xfOMoH2atpxmDKhck5PqVkCrqmdhfy2mrHM2iwjVxesyspXOFl16SMsocV5lYad2lh5J73sCFkD7FvqeaFf3wbfWksR+ZrVBWzORWDXvNXPwmKgcBk9RqgLsOHp28aiIgrwUm7qqkMkmWZiBUYs6gUeSc5EMrISUmI+aHWSRZD0LrvaMNaxMD4DUNdZUpPtZwy8sJ1J4DJbcdY3Z0ZAnnQSoP21gPi+8fkFmiYeHPYjb7E+UzOISkCUpHo2yLkrTz9DSUkwLU5yuEo7qjcstyGrDSFdRAaN4NApJKtxM2ae4n5dnb657hhVcBA59jZ root@ubuntu-bionic
-----END SSH HOST KEY KEYS-----
[   17.632844] cloud-init[1703]: Cloud-init v. 21.2-3-g899bfaa9-0ubuntu2~18.04.1 running 'modules:final' at Fri, 06 Aug 2021 19:53:02 +0000. Up 17.47 seconds.
[   17.633997] cloud-init[1703]: ci-info: no authorized SSH keys fingerprints found for user ubuntu.
[   17.634699] cloud-init[1703]: Cloud-init v. 21.2-3-g899bfaa9-0ubuntu2~18.04.1 finished at Fri, 06 Aug 2021 19:53:02 +0000. Datasource DataSourceNoCloud [seed=/dev/sdb][dsmode=net].  Up 17.62 seconds
[73490.272286] kernel BUG at /build/linux-HN7Wi9/linux-4.15.0/block/blk-core.c:3068!
[73490.387875] invalid opcode: 0000 [#1] SMP PTI
[73490.388344] Modules linked in: vboxsf isofs[108338.600314] sd 2:0:0:0: [sda] tag#0 Medium access timeout failure. Offlining disk!
[108338.735502] print_req_error: I/O error, dev sda, sector 3277312
[108338.737023] print_req_error: I/O error, dev sda, sector 3274752
[108338.738545] Buffer I/O error on device sda1, logical block 409088
[108338.739480] Buffer I/O[209567.079762] watchdog: BUG: soft lockup - CPU#1 stuck for 37s! [ksoftirqd/1:16]
[209851.539177] watchdog: BUG: soft lockup - CPU#1 stuck for 25s! [swapper/1:0]
[210150.132208] watchdog: BUG: soft lockup - CPU#1 stuck for 24s! [kworker/1:5:2828]
[210182.480595] INFO: rcu_sched detected stalls on CPUs/tasks:
[210243.464811] 	1-...0: (1 GPs behind) idle=b6a/140000000000002/0 softirq=817860/817860 fqs=14 
[210243.464812] 	(detected by 0, t=15095 jiffies, g=698339, c=698338, q=294)
[210243.467541] rcu_sched kthread starved for 1063 jiffies! g698339 c698338 f0x0 RCU_GP_WAIT_FQS(3) ->state=0x402 ->cpu=0
[211104.794604] INFO: rcu_sched detected stalls on CPUs/tasks:
[211153.543483] 	(detected by 0, t=16397 jiffies, g=699920, c=699919, q=225)
[211153.544183] All QSes seen, last rcu_sched kthread activity 16334 (4347667370-4347651036), jiffies_till_next_fqs=1, root ->qsmask 0x0
[211153.545441] rcu_sched kthread starved for 16334 jiffies! g699920 c699919 f0x2 RCU_GP_WAIT_FQS(3) ->state=0x0 ->cpu=1
[211173.953553] watchdog: BUG: soft lockup - CPU#1 stuck for 93s! [swapper/1:0]
[211215.875888] watchdog: BUG: soft lockup - CPU#0 stuck for 28s! [vminfo:1136]
[211413.972211] INFO: rcu_sched detected stalls on CPUs/tasks:
[211413.972823] 	1-...!: (1 GPs behind) idle=6f6/1/0 softirq=818923/818924 fqs=1 
[211413.973640] 	(detected by 0, t=59970 jiffies, g=699921, c=699920, q=553)
[211438.163204] rcu_sched kthread starved for 62998 jiffies! g699921 c699920 f0x0 RCU_GP_WAIT_FQS(3) ->state=0x402 ->cpu=0
[211630.161510] watchdog: BUG: soft lockup - CPU#0 stuck for 25s! [ksoftirqd/0:7]
[211640.556114] watchdog: BUG: soft lockup - CPU#1 stuck for 46s! [swapper/1:0]
[211648.872805] INFO: rcu_sched detected stalls on CPUs/tasks:
[211656.281234] 	1-...!: (2 GPs behind) idle=8be/1/0 softirq=819899/819899 fqs=6 
[211656.282008] 	(detected by 0, t=15346 jiffies, g=700361, c=700360, q=162)
[2116090] rcu_sched kthread starved for 11401 jiffies! g700361 c700360 f0x0 RCU_GP_WAIT_FQS(3) ->state=0x402 ->cpu=0
[211727.322872] watchdog: BUG: soft lockup - CPU#1 stuck for 22s! [swapper/1:0]
[211795.267442] watchdog: BUG: soft lockup - CPU#0 stuck for 33s! [vminfo:1136]
[211821.442116] INFO: rcu_sched self-detected stall on CPU
[211821.443436] 	1-...!: (4 GPs behind) idle=1fe/1/0 softirq=819924/819924 fqs=0 
[211832.527470] 	
[211836.867306] rcu_sched kthread starved for 15354 jiffies! g700380 c700379 f0x0 RCU_GP_WAIT_FQS(3) ->state=0x402 ->cpu=0
[211836.868629] INFO: rcu_sched self-detected stall on CPU
[211836.869555] 	0-...!: (4 ticks this GP) idle=dfe/140000000000002/0 softirq=654302/654302 fqs=0 
[211836.870483] 	 (t=19209 jiffies g=700380 c=700379 q=69)
[211836.870486] rcu_sched kthread starved for 19209 jiffies! g700380 c700379 f0x0 RCU_GP_WAIT_FQS(3) ->state=0x0 ->cpu=1
[211862.684247] watchdog: BUG: soft lockup - CPU#1 stuck for 22s! [swapper/1:0]
[211901.126352] watchdog: BUG: soft lockup - CPU#1 stuck for 23s! [swapper/1:0]
[211989.233902] watchdog: BUG: soft lockup - CPU#1 stuck for 44s! [mysqld:3520]
[212059.993318] watchdog: BUG: soft lockup - CPU#1 stuck for 21s! [swapper/1:0]
[212186.825154] watchdog: BUG: soft lockup - CPU#1 stuck for 21s! [swapper/1:0]
[212247.063001] watchdog: BUG: soft lockup - CPU#1 stuck for 43s! [kworker/u4:1:17262]
[212316.493380] INFO: rcu_sched self-detected stall on CPU
[212316.558917] INFO: rcu_sched detected stalls on CPUs/tasks:
[212316.560422] 	1-...!: (1 GPs behind) idle=92a/140000000000002/0 softirq=820131/820132 fqs=1 
[212316.562532] 	
[212316.562535] 	1-...!: (1 GPs behind) idle=92a/140000000000002/0 softirq=820131/820132 fqs=1 
[212316.562538] rcu_sched kthread starved for 21525 jiffies! g700453 c700452 f0x0 RCU_GP_WAIT_FQS(3) ->state=0x402 ->cpu=0
[212316.562933] 	(detected by 0, t=26662 jiffies, g=700453, c=700452, q=639)
[212316.567113] rcu_sched kthread starved for 21525 jiffies! g700453 c700452 f0x0 RCU_GP_WAIT_FQS(3) ->state=0x200 ->cpu=0
[212350.931007] watchdog: BUG: soft lockup - CPU#1 stuck for 21s! [swapper/1:0]
[212381.926895] watchdog: BUG: soft lockup - CPU#0 stuck for 29s! [vminfo:1136]
[212384.104604] INFO: task jbd2/sda1-8:343 blocked for more than 120 seconds.
[212393.474083] INFO: rcu_sched self-detected stall on CPU
[212393.506598] INFO: rcu_sched detected stalls on CPUs/tasks:
[212393.507163] 	1-...!: (1 GPs behind) idle=92e/2/0 softirq=820133/820134 fqs=1 
[212393.508541] 	 (t=16062 jiffies g=700454 c=700453 q=1165)
[212393.508545] 	1-...!: (1 GPs behind) idle=92e/2/0 softirq=820133/820134 fqs=1 
[212393.508545] 	(detected by 0, t=16062 jiffies, g=700454, c=700453, q=1165)
[212393.509124] rcu_sched kthread starved for 6377 jiffies! g700454 c700453 f0x0 RCU_GP_WAIT_FQS(3) ->state=0x402 ->cpu=0
[212393.512743] rcu_sched kthread starved for 6377 jiffies! g700454 c700453 f0x0 RCU_GP_WAIT_FQS(3) ->state=0x200 ->cpu=0
[212393.513996]       Tainted: G             L   4.15.0-151-generic #157-Ubuntu
[212393.514735] "echo 0 > /proc/sys/kernel/hung_task_timeout_secs" disables this message.
[212401.108073] INFO: task mysqld:3522 blocked for more than 120 seconds.
[212436.967710]       Tainted: G             L   4.15.0-151-generic #157-Ubuntu
[212436.968673] "echo 0 > /proc/sys/kernel/hung_task_timeout_secs" disables this message.
[212473.872130] watchdog: BUG: soft lockup - CPU#1 stuck for 36s! [vminfo:1136]
[212500.632382] INFO: rcu_sched self-detected stall on CPU
[212500.633017] 	1-...!: (1 GPs behind) idle=932/140000000000002/0 softirq=820135/820136 fqs=3 
[212500.634042] 	 (t=16367 jiffies g=700455 c=700454 q=1351)
[212500.634698] rcu_sched kthread starved for 8985 jiffies! g700455 c700454 f0x0 RCU_GP_WAIT_FQS(3) ->state=0x402 ->cpu=0
[212500.635086] INFO: rcu_sched detected stalls on CPUs/tasks:
[212500.636761] 	1-...!: (1 GPs behind) idle=932/140000000000002/0 softirq=820135/820136 fqs=3 
[212500.637980] 	(detected by 0, t=16367 jiffies, g=700455, c=700454, q=1351)
[212500.639851] rcu_sched kthread starved for 8985 jiffies! g700455 c700454 f0x0 RCU_GP_WAIT_FQS(3) ->state=0x200 ->cpu=0
[212561.717030] INFO: task jbd2/sda1-8:343 blocked for more than 120 seconds.
[212572.887447]       Tainted: G             L   4.15.0-151-generic #157-Ubuntu
[212572.912857] "echo 0 > /proc/sys/kernel/hung_task_timeout_secs" disables this message.
[212575.304956] INFO: task mysqld:3522 blocked for more than 120 seconds.
[212575.810161]       Tainted: G             L   4.15.0-151-generic #157-Ubuntu
[212575.810956] "echo 0 > /proc/sys/kernel/hung_task_timeout_secs" disables this message.
[212602.675592] watchdog: BUG: soft lockup - CPU#1 stuck for 23s! [gmain:945]
[212638.050798] INFO: rcu_sched detected stalls on CPUs/tasks:
[212746.649114] 	1-...0: (1 GPs behind) idle=a7e/140000000000002/0 softirq=820153/820153 fqs=18 
[212746.649115] 	(detected by 0, t=15102 jiffies, g=700464, c=700463, q=291)
[212746.681934] rcu_sched kthread starved for 1018 jiffies! g700464 c700463 f0x0 RCU_GP_WAIT_FQS(3) ->state=0x402 ->cpu=0
[212831.819715] watchdog: BUG: soft lockup - CPU#1 stuck for 36s! [ksoftirqd/1:16]
[212858.664094] INFO: rcu_sched detected stalls on CPUs/tasks:
[212867.689134] 	1-...0: (2 GPs behind) idle=a82/140000000000001/0 softirq=820154/820155 fqs=17 
[212867.689134] 	(detected by 0, t=16132 jiffies, g=700466, c=700465, q=1131)
[212867.691940] rcu_sched kthread starved for 4067 jiffies! g700466 c700465 f0x0 RCU_GP_WAIT_FQS(3) ->state=0x402 ->cpu=0
[213102.856316] INFO: rcu_sched detected stalls on CPUs/tasks:
[213116.625486] 	1-...0: (1 GPs behind) idle=cd6/2/0 softirq=821852/821852 fqs=13 
[213116.626251] 	(detected by 0, t=15011 jiffies, g=700746, c=700745, q=262)
[213162.566928] rcu_sched kthread starved for 602 jiffies! g700746 c700745 f0x0 RCU_GP_WAIT_FQS(3) ->state=0x402 ->cpu=0
[2131945] watchdog: BUG: soft lockup - CPU#1 stuck for 27s! [swapper/1:0]
[213213.447937] watchdog: BUG: soft lockup - CPU#0 stuck for 22s! [swapper/0:0]
[213427.784273] INFO: rcu_sched detected stalls on CPUs/tasks:
[213427.784895] 	1-....: (1 GPs behind) idle=cd6/1/0 softirq=821852/821852 fqs=21 
[213427.785676] 	(detected by 0, t=96203 jiffies, g=700746, c=700745, q=645)
[213507.304486] rcu_sched kthread starved for 79035 jiffies! g700746 c700745 f0x0 RCU_GP_WAIT_FQS(3) ->state=0x402 ->cpu=0
[213584.823409] watchdog: BUG: soft lockup - CPU#0 stuck for 23s! [apport:17357]
[213608.079444] watchdog: BUG: soft lockup - CPU#1 stuck for 47s! [kworker/1:2:17312]
[213728.737634] watchdog: BUG: soft lockup - CPU#1 stuck for 52s! [kworker/1:2:17312]
[213746.031640] INFO: rcu_sched detected stalls on CPUs/tasks:
[213955.398811] 	1-...0: (1 ticks this GP) idle=ef2/140000000000001/0 softirq=822334/822334 fqs=6 
[213955.398812] 	(detected by 0, t=18299 jiffies, g=700815, c=700814, q=349)
[213955.401476] rcu_sched kthread starved for 6155 jiffies! g700815 c700814 f0x0 RCU_GP_WAIT_FQS(3) ->state=0x0 ->cpu=0
[213955.402620] INFO: rcu_sched detected stalls on CPUs/tasks:
[213955.403215] 	1-....: (2 ticks this GP) idle=ef2/140000000000001/0 softirq=822334/822334 fqs=6 
[213955.497977] 	(detected by 0, t=70615 jiffies, g=700815, c=700814, q=349)
[213958.023190] rcu_sched kthread starved for 58471 jiffies! g700815 c700814 f0x2 RCU_GP_WAIT_FQS(3) ->state=0x0 ->cpu=0
[214091675] watchdog: BUG: soft lockup - CPU#1 stuck for 21s! [timesync:1135]
[214065.233011] INFO: rcu_sched detected stalls on CPUs/tasks:
[214066.115516] 	1-...0: (1 GPs behind) idle=ef2/140000000000001/0 softirq=822334/822336 fqs=8 
[214066.115517] 	(detected by 0, t=15083 jiffies, g=700816, c=700815, q=1792)
[214115.188642] watchdog: BUG: soft lockup - CPU#0 stuck for 22s! [ksoftirqd/0:7]
[214252.215360] INFO: rcu_sched detected stalls on CPUs/tasks:
[214263.916436] 	1-....: (1 GPs behind) idle=ef2/140000000000002/0 softirq=822334/822336 fqs=11 
[214263.920258] 	(detected by 0, t=61805 jiffies, g=700816, c=700815, q=2223)
[214264.492513] rcu_sched kthread starved for 14799 jiffies! g700816 c700815 f0x0 RCU_GP_WAIT_FQS(3) ->state=0x402 ->cpu=0
[9] INFO: task jbd2/sda1-8:343 blocked for more than 120 seconds.
[214344.951087]       Tainted: G             L   4.15.0-151-generic #157-Ubuntu
[214351.152390] "echo 0 > /proc/sys/kernel/hung_task_timeout_secs" disables this message.
[214436.609846] INFO: rcu_sched detected stalls on CPUs/tasks:
[214467.193561] 	1-....: (1 GPs behind) idle=ef2/140000000000001/0 softirq=822334/822336 fqs=19 
[214616.782733] watchdog: BUG: soft lockup - CPU#1 stuck for 72s! [swapper/1:0]
[214645.992552] 	(detected by 0, t=107881 jiffies, g=700816, c=700815, q=3247)
[214686.007560] rcu_sched kthread starved for 2009 jiffies! g700816 c700815 f0x0 RCU_GP_WAIT_FQS(3) ->state=0x402 ->cpu=0
[214986.508043] INFO: rcu_sched self-detected stall on CPU
[214986.508046] INFO: rcu_sched detected stalls on CPUs/tasks:
[214986.508608] 	1-....: (1 GPs behind) idle=ef6/2/0 softirq=822334/822338 fqs=19 
[214986.510051] 	
[214986.510053] 	1-....: (1 GPs behind) idle=ef6/2/0 softirq=822334/822338 fqs=19 
[214986.510055] rcu_sched kthread starved for 139415 jiffies! g700816 c700815 f0x2 RCU_GP_WAIT_FQS(3) ->state=0x0 ->cpu=0
[214986.510280] 	(detected by 0, t=245287 jiffies, g=700816, c=700815, q=3247)
[214986.513912] rcu_sched kthread starved for 139415 jiffies! g700816 c700815 f0x2 RCU_GP_WAIT_FQS(3) ->state=0x0 ->cpu=0
[214991.815706] INFO: task jbd2/sda1-8:343 blocked for more than 120 seconds.
[214995.169915]       Tainted: G             L   4.15.0-151-generic #157-Ubuntu
[215009.250747] "echo 0 > /proc/sys/kernel/hung_task_timeout_secs" disables this message.
[215009.725562] INFO: task systemd-resolve:17285 blocked for more than 120 seconds.
[215010.919997]       Tainted: G             L   4.15.0-151-generic #157-Ubuntu
[215010.920747] "echo 0 > /proc/sys/kernel/hung_task_timeout_secs" disables this message.
[215247.291311] watchdog: BUG: soft lockup - CPU#1 stuck for 23s! [swapper/1:0]
[215376.943046] watchdog: BUG: soft lockup - CPU#1 stuck for 23s! [vminfo:1136]
[215415.118404] INFO: rcu_sched detected stalls on CPUs/tasks:
[215434.794827] 	1-...0: (1 GPs behind) idle=132/140000000000002/0 softirq=823772/823773 fqs=17 
[215434.798117] 	(detected by 0, t=15565 jiffies, g=701095, c=701094, q=387)
[215451.056779] rcu_sched kthread starved for 5718 jiffies! g701095 c701094 f0x0 RCU_GP_WAIT_FQS(3) ->state=0x402 ->cpu=0
[215489.474471] watchdog: BUG: soft lockup - CPU#1 stuck for 28s! [vminfo:1136]
[215524.387447] watchdog: BUG: soft lockup - CPU#1 stuck for 25s! [vminfo:1136]
[215595.735528] INFO: rcu_sched detected stalls on CPUs/tasks:
[215601.045832] 	1-....: (0 ticks this GP) idle=132/140000000000001/0 softirq=823774/823774 fqs=63 
[215601.084379] 	(detected by 0, t=60697 jiffies, g=701095, c=701094, q=1776)
[215706.529489] INFO: rcu_sched detected stalls on CPUs/tasks:
[215707.695151] watchdog: BUG: soft lockup - CPU#1 stuck for 55s! [kworker/1:2:17312]
[215722.145941] 	1-....: (1 ticks this GP) idle=442/140000000000001/0 softirq=823802/823802 fqs=11 
[215722.147893] 	(detected by 0, t=15939 jiffies, g=701111, c=701110, q=549)
[215722.149669] rcu_sched kthread starved for 3675 jiffies! g701111 c701110 f0x0 RCU_GP_WAIT_FQS(3) ->state=0x402 ->cpu=0
[215748.246889] watchdog: BUG: soft lockup - CPU#1 stuck for 25s! [ksoftirqd/1:16]
[215748.247081] INFO: task jbd2/sda1-8:343 blocked for more than 120 seconds.
[215748.363609]       Tainted: G             L   4.15.0-151-generic #157-Ubuntu
[215748.363610] "echo 0 > /proc/sys/kernel/hung_task_timeout_secs" disables this message.
[215796.094371] watcog: BUG: soft lockup - CPU#0 stuck for 26s! [swapper/0:0]
[215859.189113] watchdog: BUG: soft lockup - CPU#1 stuck for 26s! [swapper/1:0]
[215938.828607] watchdog: BUG: soft lockup - CPU#0 stuck for 26s! [swapper/0:0]
[216028.204441] watchdog: BUG: soft lockup - CPU#0 stuck for 26s! [vminfo:1136]
[216143.203518] watchdog: BUG: soft lockup - CPU#1 stuck for 56s! [timesync:1135]
[216143.211604] INFO: rcu_sched self-detected stall on CPU
[216143.214450] 	0-...!: (5 ticks this GP) idle=dd6/140000000000002/0 softirq=659371/659371 fqs=0 
[216143.214460] INFO: rcu_sched self-detected stall on CPU
[216143.220988] 	 (t=35882 jiffies g=701118 c=701117 q=706)
[216143.223475] 	1-...!: (3 ticks this GP) idle=63e/140000000000002/0 softirq=823813/823813 fqs=0 
[216143.225941] rcu_sched kthread starved for 35882 jiffies! g701118 c701117 f0x0 RCU_GP_WAIT_FQS(3) ->state=0x402 ->cpu=1
[216143.229640] 	 (t=35882 jiffies g=701118 c=701117 q=706)
[216143.282804] rcu_sched kthread starved for 35882 jiffies! g701118 c701117 f0x0 RCU_GP_WAIT_FQS(3) ->state=0x402 ->cpu=1
[216216.110142] watchdog: BUG: soft lockup - CPU#1 stuck for 51s! [timesync:1135]
[216218.141803] watchdog: BUG: soft lockup - CPU#0 stuck for 21s! [vminfo:1136]
[263236.032985] INFO: rcu_sched detected stalls on CPUs/tasks:
[263236.033718] 	1-....: (9 ticks this GP) idle=63e/140000000000001/0 softirq=823813/823813 fqs=5 
[263236.034804] 	(detected by 0, t=258329 jiffies, g=701118, c=701117, q=1193)
[263236.165632] rcu_sched kthread starved for 210764 jiffies! g701118 c701117 f0x0 RCU_GP_WAIT_FQS(3) ->state=0x402 ->cpu=0
[263236.168536] INFO: rcu_sched detected stalls on CPUs/tasks:
[263236.169795] 	(detected by 0, t=11803235 jiffies, g=701118, c=701117, q=1198)
[263236.171368] All QSes seen, last rcu_sched kthread activity 11755670 (4360693712-4348938042), jiffies_till_next_fqs=1, root ->qsmask 0x0
[263236.173946] rcu_sched kthread starved for 11755670 jiffies! g701118 c701117 f0x2 RCU_GP_WAIT_FQS(3) ->state=0x200 ->cpu=0
[263238.184151] e1000 0000:00:08.0 enp0s8: Detected Tx Unit Hang
[263238.184151]   Tx Queue             <0>
[263238.184151]   TDH                  <2a>
[263238.184151]   TDT                  <2e>
[263238.184151]   next_to_use          <2e>
[263238.184151]   next_to_clean        <2a>
[263238.184151] buffer_info[next_to_clean]
[263238.184151]   time_stamp           <103eae8a1>
[263238.184151]   next_to_watch        <2b>
[263238.184151]   jiffies              <103eae9c8>
[263238.184151]   next_to_watch.status <0>
[263238.184363] e1000 0000:00:03.0 enp0s3: Detected Tx Unit Hang
[263238.184363]   Tx Queue             <0>
[263238.184363]   TDH                  <b0>
[263238.184363]   TDT                  <b5>
[263238.184363]   next_to_use          <b5>
[263238.184363]   next_to_clean        <b0>
[263238.184363] buffer_info[next_to_clean]
[263238.184363]   time_stamp           <103eae8a1>
[263238.184363]   next_to_watch        <b0>
[263238.184363]   jiffies              <103eae9c8>
[263238.184363]   next_to_watch.status <0>
[263244.362524] e1000 0000:00:08.0 enp0s8: Detected Tx Unit Hang
[263244.362524]   Tx Queue             <0>
[263244.362524]   TDH                  <2a>
[263244.362524]   TDT                  <2e>
[263244.362524]   next_to_use          <2e>
[263244.362524]   next_to_clean        <2a>
[263244.362524] buffer_info[next_to_clean]
[263244.362524]   time_stamp           <103eae8a1>
[263244.362524]   next_to_watch        <2b>
[263244.362524]   jiffies              <103eaefd2>
[263244.362524]   next_to_watch.status <0>
[263256.830166] e1000 0000:00:08.0 enp0s8: Detected Tx Unit Hang
[263256.830166]   Tx Queue             <0>
[263256.830166]   TDH                  <2a>
[263256.830166]   TDT                  <2e>
[263256.830166]   next_to_use          <2e>
[263256.830166]   next_to_clean        <2a>
[263256.830166] buffer_info[next_to_clean]
[263256.830166]   time_stamp           <103eae8a1>
[263256.830166]   next_to_watch        <2b>
[263256.830166]   jiffies              <103eafc00>
[263256.830166]   next_to_watch.status <0>
[263256.835017] e1000 0000:00:03.0 enp0s3: Detected Tx Unit Hang
[263256.835017]   Tx Queue             <0>
[263256.835017]   TDH                  <b0>
[263256.835017]   TDT                  <b5>
[263256.835017]   next_to_use          <b5>
[263256.835017]   next_to_clean        <b0>
[263256.835017] buffer_info[next_to_clean]
[263256.835017]   time_stamp           <103eae8a1>
[263256.835017]   next_to_watch        <b0>
[263256.835017]   jiffies              <103eafc01>
[263256.835017]   next_to_watch.status <0>
[263258.842563] e1000 0000:00:03.0 enp0s3: Detected Tx Unit Hang
[263258.842563]   Tx Queue             <0>
[263258.842563]   TDH                  <b0>
[263258.842563]   TDT                  <b5>
[263258.842563]   next_to_use          <b5>
[263258.842563]   next_to_clean        <b0>
[263258.842563] buffer_info[next_to_clean]
[263258.842563]   time_stamp           <103eae8a1>
[263258.842563]   next_to_watch        <b0>
[263258.842563]   jiffies              <103eafdf8>
[263258.842563]   next_to_watch.status <0>
[263258.854290] e1000 0000:00:08.0 enp0s8: Detected Tx Unit Hang
[263258.854290]   Tx Queue             <0>
[263258.854290]   TDH                  <2a>
[263258.854290]   TDT                  <2e>
[263258.854290]   next_to_use          <2e>
[263258.854290]   next_to_clean        <2a>
[263258.854290] buffer_info[next_to_clean]
[263258.854290]   time_stamp           <103eae8a1>
[263258.854290]   next_to_watch        <2b>
[263258.854290]   jiffies              <103eafdfb>
[263258.854290]   next_to_watch.status <0>
[263434.342414] watchdog: BUG: soft lockup - CPU#0 stuck for 30s! [ksoftirqd/0:7]
[263516.237083] watchdog: BUG: soft lockup - CPU#1 stuck for 25s! [mysqld:3533]
[263528.465325] sd 2:0:0:0: [sda] tag#0 Medium access timeout failure. Offlining disk!
[263540.894523] print_req_error: I/O error, dev sda, sector 5808640
[263541.108784] sd 2:0:0:0: rejecting I/O to offline device
[263541.249848] sd 2:0:0:0: rejecting I/O to offline device
[263541.250435] sd 2:0:0:0: rejecting I/O to offline device
[263541.251068] sd 2:0:0:0: rejecting I/O to offline device
[263541.251638] Buffer I/O error on device sda1, logical block 733696
[263541.252302] Buffer I/O error on device sda1, logical block 733697
[263541.252949] Buffer I/O error on device sda1, logical block 733698
[263541.253592] Buffer I/O error on device sda1, logical block 733699
[263541.254238] Buffer I/O error on device sda1, logical block 733700
[263541.254889] Buffer I/O error on device sda1, logical block 733701
[263541.255535] Buffer I/O error on device sda1, logical block 733702
[263541.256182] Buffer I/O error on device sda1, logical block 733703
[263541.256830] Buffer I/O error on device sda1, logical block 733704
[263541.257477] Buffer I/O error on device sda1, logical block 733705
[263541.258228] sd 2:0:0:0: rejecting I/O to offline device
[263541.258797] sd 2:0:0:0: rejecting I/O to offline device
[263541.259468] sd 2:0:0:0: rejecting I/O to offline device
[263541.260053] sd 2:0:0:0: rejecting I/O to offline device
[263541.260704] sd 2:0:0:0: rejecting I/O to offline device
[263541.261273] sd 2:0:0:0: rejecting I/O to offline device
[263541.261938] sd 2:0:0:0: rejecting I/O to offline device
[263541.262528] sd 2:0:0:0: rejecting I/O to offline device
[263541.263203] sd 2:0:0:0: rejecting I/O to offline device
[263541.263774] sd 2:0:0:0: rejecting I/O to offline device
[263541.264448] sd 2:0:0:0: rejecting I/O to offline device
[263541.265018] sd 2:0:0:0: rejecting I/O to offline device
[263541.266113] sd 2:0:0:0: rejecting I/O to offline device
[263541.266696] sd 2:0:0:0: rejecting I/O to offline device
[263541.267270] sd 2:0:0:0: rejecting I/O to offline device
[263541.267844] sd 2:0:0:0: rejecting I/O to offline device
[263541.268423] sd 2:0:0:0: rejecting I/O to offline device
[263541.268994] sd 2:0:0:0: rejecting I/O to offline device
[263541.269562] sd 2:0:0:0: rejecting I/O to offline device
[263541.270134] sd 2:0:0:0: rejecting I/O to offline device
[263541.270709] sd 2:0:0:0: rejecting I/O to offline device
[263541.271282] sd 2:0:0:0: rejecting I/O to offline device
[263541.271851] sd 2:0:0:0: rejecting I/O to offline device
[263541.272463] sd 2:0:0:0: rejecting I/O to offline device
[263541.273034] sd 2:0:0:0: rejecting I/O to offline device
[263541.273625] sd 2:0:0:0: rejecting I/O to offline device
[263541.274205] sd 2:0:0:0: rejecting I/O to offline device
[263541.274812] sd 2:0:0:0: rejecting I/O to offline device
[263541.275381] sd 2:0:0:0: rejecting I/O to offline device
[263541.275985] sd 2:0:0:0: rejecting I/O to offline device
[263541.276551] sd 2:0:0:0: rejecting I/O to offline device
[263541.277118] sd 2:0:0:0: rejecting I/O to offline device
[263541.277702] sd 2:0:0:0: rejecting I/O to offline device
[263541.278276] sd 2:0:0:0: rejecting I/O to offline device
[263541.278855] sd 2:0:0:0: rejecting I/O to offline device
[263541.279462] sd 2:0:0:0: rejecting I/O to offline device
[263541.280041] sd 2:0:0:0: rejecting I/O to offline device
[263541.280627] sd 2:0:0:0: rejecting I/O to offline device
[263541.281203] sd 2:0:0:0: rejecting I/O to offline device
[263541.281778] sd 2:0:0:0: rejecting I/O to offline device
[263541.282358] sd 2:0:0:0: rejecting I/O to offline device
[263541.282949] sd 2:0:0:0: rejecting I/O to offline device
[263541.283641] sd 2:0:0:0: rejecting I/O to offline device
[263541.284338] sd 2:0:0:0: rejecting I/O to offline device
[263541.285062] sd 2:0:0:0: rejecting I/O to offline device
[263541.285763] sd 2:0:0:0: rejecting I/O to offline device
[263541.286467] sd 2:0:0:0: rejecting I/O to offline device
[263541.287163] sd 2:0:0:0: rejecting I/O to offline device
[263541.287861] sd 2:0:0:0: rejecting I/O to offline device
[263541.288557] sd 2:0:0:0: rejecting I/O to offline device
[263541.289254] sd 2:0:0:0: rejecting I/O to offline device
[263541.289952] sd 2:0:0:0: rejecting I/O to offline device
[263541.290656] sd 2:0:0:0: rejecting I/O to offline device
[263541.507185] sd 2:0:0:0: rejecting I/O to offline device
[263541.507761] sd 2:0:0:0: rejecting I/O to offline device
[263541.508332] sd 2:0:0:0: rejecting I/O to offline device
[263541.508905] sd 2:0:0:0: rejecting I/O to offline device
[263541.509473] sd 2:0:0:0: rejecting I/O to offline device
[263541.510040] sd 2:0:0:0: rejecting I/O to offline device
[263541.510612] sd 2:0:0:0: rejecting I/O to offline device
[263541.511180] sd 2:0:0:0: rejecting I/O to offline device
[263541.511748] sd 2:0:0:0: rejecting I/O to offline device
[263541.512604] sd 2:0:0:0: rejecting I/O to offline device
[263541.513170] sd 2:0:0:0: rejecting I/O to offline device
[263541.513745] sd 2:0:0:0: rejecting I/O to offline device
[263541.514323] sd 2:0:0:0: rejecting I/O to offline device
[263541.514906] sd 2:0:0:0: rejecting I/O to offline device
[263541.515476] sd 2:0:0:0: rejecting I/O to offline device
[263541.516091] sd 2:0:0:0: rejecting I/O to offline device
[263541.516662] sd 2:0:0:0: rejecting I/O to offline device
[263541.517261] sd 2:0:0:0: rejecting I/O to offline device
[263541.517832] sd 2:0:0:0: rejecting I/O to offline device
[263541.518406] sd 2:0:0:0: rejecting I/O to offline device
[263541.518973] sd 2:0:0:0: rejecting I/O to offline device
[263541.519740] print_req_error: I/O error, dev sda, sector 5867520
[263541.626632] print_req_error: I/O error, dev sda, sector 5806080
[263541.626639] EXT4-fs (sda1): Delayed block allocation failed for inode 63557 at logical offset 1158 with max blocks 2 with error 5
[263541.628537] print_req_error: I/O error, dev sda, sector 5804544
[263541.628541] EXT4-fs (sda1): This should not happen!! Data will be lost
[263541.628541] 
[263541.630051] print_req_error: I/O error, dev sda, sector 5801984
[263541.630133] sd 2:0:0:0: rejecting I/O to offline device
[263541.631306] sd 2:0:0:0: rejecting I/O to offline device
[263541.631887] sd 2:0:0:0: rejecting I/O to offline device
[263541.632467] sd 2:0:0:0: rejecting I/O to offline device
[263541.633092] print_req_error: I/O error, dev sda, sector 5859328
[263541.633737] print_req_error: I/O error, dev sda, sector 5857792
[263541.634371] print_req_error: I/O error, dev sda, sector 5855232
[263541.635097] print_req_error: I/O error, dev sda, sector 5853696
[263541.635734] print_req_error: I/O error, dev sda, sector 5851136
[263541.637889] sd 2:0:0:0: rejecting I/O to offline device
[263541.638563] Aborting journal on device sda1-8.
[263541.639183] sd 2:0:0:0: rejecting I/O to offline device
[263541.639880] JBD2: Error -5 detected when updating journal superblock for sda1-8.
[263541.863218] sd 2:0:0:0: rejecting I/O to offline device
[263541.863935] EXT4-fs (sda1): previous I/O error to superblock detected
[263541.871884] sd 2:0:0:0: rejecting I/O to offline device
[263541.872442] EXT4-fs error (device sda1): ext4_journal_check_start:61: Detected aborted journal
[263541.872444] EXT4-fs (sda1): previous I/O error to superblock detected
[263541.873343] EXT4-fs (sda1): Remounting filesystem read-only
[263541.880441] sd 2:0:0:0: rejecting I/O to offline device
[263541.881017] EXT4-fs error (device sda1): ext4_journal_check_start:61: Detected aborted journal
[263541.881020] EXT4-fs error (device sda1): ext4_journal_check_start:61: Detected aborted journal
[263541.882143] EXT4-fs (sda1): previous I/O error to superblock detected
[263541.883728] sd 2:0:0:0: rejecting I/O to offline device
[263606.365963] watchdog: BUG: soft lockup - CPU#1 stuck for 33s! [swapper/1:0]
[263685.420970] watchdog: BUG: soft lockup - CPU#1 stuck for 24s! [swapper/1:0]
[263721.596320] INFO: rcu_sched self-detected stall on CPU
[263721.596323] INFO: rcu_sched detected stalls on CPUs/tasks:
[263733.796583] 	1-....: (7 ticks this GP) idle=cbe/2/0 softirq=829372/829372 fqs=12 
[263733.798031] 	
[263733.798034] 	1-....: (7 ticks this GP) idle=cbe/2/0 softirq=829372/829372 fqs=12 
[263733.798037] rcu_sched kthread starved for 988 jiffies! g702151 c702150 f0x0 RCU_GP_WAIT_FQS(3) ->state=0x402 ->cpu=0
[263733.800785] 	(detected by 0, t=15408 jiffies, g=702151, c=702150, q=1187)
[263738.067750] rcu_sched kthread starved for 988 jiffies! g702151 c702150 f0x0 RCU_GP_WAIT_FQS(3) ->state=0x200 ->cpu=0
[269695.742663] systemd-journald[9339]: Failed to write entry (21 items, 608 bytes), ignoring: Read-only file system
[269695.819430] systemd-journald[9339]: Failed to write entry (21 items, 699 bytes), ignoring: Read-only file system
[269695.820668] systemd-journald[9339]: Failed to write entry (21 items, 608 bytes), ignoring: Read-only file system
[269695.821891] systemd-journald[9339]: Failed to write entry (21 items, 699 bytes), ignoring: Read-only file system
[269695.823148] systemd-journald[9339]: Failed to write entry (21 items, 608 bytes), ignoring: Read-only file system
[269695.824333] systemd-journald[9339]: Failed to write entry (21 items, 699 bytes), ignoring: Read-only file system
[269695.825493] systemd-journald[9339]: Failed to write entry (21 items, 608 bytes), ignoring: Read-only file system
[269695.826866] systemd-journald[9339]: Failed to write entry (21 items, 699 bytes), ignoring: Read-only file system
[269695.828304] systemd-journald[9339]: Failed to write entry (21 items, 608 bytes), ignoring: Read-only file system
[269695.829644] systemd-journald[9339]: Failed to write entry (21 items, 699 bytes), ignoring: Read-only file system
[273296.968144] systemd-journald[9339]: Failed to write entry (13 items, 292 bytes), ignoring: Read-only file system
[273296.969674] systemd-journald[9339]: Failed to write entry (21 items, 608 bytes), ignoring: Read-only file system
[273296.970860] systemd-journald[9339]: Failed to write entry (21 items, 587 bytes), ignoring: Read-only file system
[273296.972089] systemd-journald[9339]: Failed to write entry (21 items, 699 bytes), ignoring: Read-only file system
[273296.973309] systemd-journald[9339]: Failed to write entry (21 items, 608 bytes), ignoring: Read-only file system
[273296.974497] systemd-journald[9339]: Failed to write entry (21 items, 699 bytes), ignoring: Read-only file system
[273296.975734] systemd-journald[9339]: Failed to write entry (21 items, 608 bytes), ignoring: Read-only file system
[273296.977020] systemd-journald[9339]: Failed to write entry (21 items, 699 bytes), ignoring: Read-only file system
[273296.978322] systemd-journald[9339]: Failed to write entry (21 items, 608 bytes), ignoring: Read-only file system
[273296.979624] systemd-journald[9339]: Failed to write entry (21 items, 699 bytes), ignoring: Read-only file system
[276897.028720] systemd-journald[9339]: Failed to write entry (13 items, 292 bytes), ignoring: Read-only file system
[276897.149772] systemd-journald[9339]: Failed to write entry (21 items, 608 bytes), ignoring: Read-only file system
[276897.151277] systemd-journald[9339]: Failed to write entry (21 items, 587 bytes), ignoring: Read-only file system
[276897.152873] systemd-journald[9339]: Failed to write entry (21 items, 699 bytes), ignoring: Read-only file system
[276897.154389] systemd-journald[9339]: Failed to write entry (21 items, 608 bytes), ignoring: Read-only file system
[276897.155903] systemd-journald[9339]: Failed to write entry (21 items, 699 bytes), ignoring: Read-only file system
[276897.157502] systemd-journald[9339]: Failed to write entry (21 items, 608 bytes), ignoring: Read-only file system
[276897.159032] systemd-journald[9339]: Failed to write entry (21 items, 699 bytes), ignoring: Read-only file system
[276897.160605] systemd-journald[9339]: Failed to write entry (21 items, 608 bytes), ignoring: Read-only file system
[276897.162121] systemd-journald[9339]: Failed to write entry (21 items, 699 bytes), ignoring: Read-only file system
[280497.103830] systemd-journald[9339]: Failed to write entry (13 items, 292 bytes), ignoring: Read-only file system
[280497.172272] systemd-journald[9339]: Failed to write entry (21 items, 608 bytes), ignoring: Read-only file system
[280497.173595] systemd-journald[9339]: Failed to write entry (21 items, 587 bytes), ignoring: Read-only file system
[280497.289343] systemd-journald[9339]: Failed to write entry (21 items, 699 bytes), ignoring: Read-only file system
[280497.291132] systemd-journald[9339]: Failed to write entry (21 items, 608 bytes), ignoring: Read-only file system
[280497.292271] systemd-journald[9339]: Failed to write entry (21 items, 699 bytes), ignoring: Read-only file system
[280497.293501] systemd-journald[9339]: Failed to write entry (21 items, 608 bytes), ignoring: Read-only file system
[280497.294745] systemd-journald[9339]: Failed to write entry (21 items, 699 bytes), ignoring: Read-only file system
[280497.295918] systemd-journald[9339]: Failed to write entry (21 items, 608 bytes), ignoring: Read-only file system
[280497.297167] systemd-journald[9339]: Failed to write entry (21 items, 699 bytes), ignoring: Read-only file system
[284097.342069] systemd-journald[9339]: Failed to write entry (13 items, 292 bytes), ignoring: Read-only file system
[284097.491152] systemd-journald[9339]: Failed to write entry (21 items, 608 bytes), ignoring: Read-only file system
[284097.492438] systemd-journald[9339]: Failed to write entry (21 items, 587 bytes), ignoring: Read-only file system
[284097.493732] systemd-journald[9339]: Failed to write entry (21 items, 699 bytes), ignoring: Read-only file system
[284097.494913] systemd-journald[9339]: Failed to write entry (21 items, 608 bytes), ignoring: Read-only file system
[284097.496208] systemd-journald[9339]: Failed to write entry (21 items, 699 bytes), ignoring: Read-only file system
[284097.497574] systemd-journald[9339]: Failed to write entry (21 items, 608 bytes), ignoring: Read-only file system
[284097.498901] systemd-journald[9339]: Failed to write entry (21 items, 699 bytes), ignoring: Read-only file system
[284097.500070] systemd-journald[9339]: Failed to write entry (21 items, 608 bytes), ignoring: Read-only file system
[284097.501368] systemd-journald[9339]: Failed to write entry (21 items, 699 bytes), ignoring: Read-only file system
[287398.304929] systemd-journald[9339]: Failed to write entry (13 items, 292 bytes), ignoring: Read-only file system
[287398.307486] systemd-journald[9339]: Failed to write entry (21 items, 608 bytes), ignoring: Read-only file system
[287398.308681] systemd-journald[9339]: Failed to write entry (21 items, 587 bytes), ignoring: Read-only file system
[287398.309804] systemd-journald[9339]: Failed to write entry (21 items, 699 bytes), ignoring: Read-only file system
[287398.310925] systemd-journald[9339]: Failed to write entry (21 items, 608 bytes), ignoring: Read-only file system
[287398.312172] systemd-journald[9339]: Failed to write entry (21 items, 699 bytes), ignoring: Read-only file system
[287398.313363] systemd-journald[9339]: Failed to write entry (21 items, 608 bytes), ignoring: Read-only file system
[287398.314551] systemd-journald[9339]: Failed to write entry (21 items, 699 bytes), ignoring: Read-only file system
[287398.315772] systemd-journald[9339]: Failed to write entry (21 items, 608 bytes), ignoring: Read-only file system
[287398.316996] systemd-journald[9339]: Failed to write entry (21 items, 699 bytes), ignoring: Read-only file system
[287698.485857] systemd-journald[9339]: Failed to write entry (13 items, 292 bytes), ignoring: Read-only file system
[287698.487303] systemd-journald[9339]: Failed to write entry (21 items, 608 bytes), ignoring: Read-only file system
[287698.488461] systemd-journald[9339]: Failed to write entry (21 items, 587 bytes), ignoring: Read-only file system
[287698.489649] systemd-journald[9339]: Failed to write entry (21 items, 699 bytes), ignoring: Read-only file system
[287698.490807] systemd-journald[9339]: Failed to write entry (21 items, 608 bytes), ignoring: Read-only file system
[287698.492047] systemd-journald[9339]: Failed to write entry (21 items, 699 bytes), ignoring: Read-only file system
[287698.493208] systemd-journald[9339]: Failed to write entry (21 items, 608 bytes), ignoring: Read-only file system
[287698.494423] systemd-journald[9339]: Failed to write entry (21 items, 699 bytes), ignoring: Read-only file system
[287698.495891] systemd-journald[9339]: Failed to write entry (21 items, 608 bytes), ignoring: Read-only file system
[287698.497123] systemd-journald[9339]: Failed to write entry (21 items, 699 bytes), ignoring: Read-only file system
[290051.040383] systemd-journald[9339]: Failed to write entry (26 items, 702 bytes), ignoring: Read-only file system
[290051.044597] systemd-journald[9339]: Failed to write entry (21 items, 608 bytes), ignoring: Read-only file system
[290051.046545] systemd-journald[9339]: Failed to write entry (21 items, 587 bytes), ignoring: Read-only file system
[290051.048781] systemd-journald[9339]: Failed to write entry (27 items, 708 bytes), ignoring: Read-only file system
[290051.050189] systemd-journald[9339]: Failed to write entry (13 items, 377 bytes), ignoring: Read-only file system
[290051.051784] systemd-journald[9339]: Failed to write entry (21 items, 699 bytes), ignoring: Read-only file system
[290051.054715] systemd-journald[9339]: Failed to write entry (24 items, 611 bytes), ignoring: Read-only file system
[290051.056866] systemd-journald[9339]: Failed to write entry (21 items, 608 bytes), ignoring: Read-only file system
[290051.058152] systemd-journald[9339]: Failed to write entry (28 items, 715 bytes), ignoring: Read-only file system
[290051.059341] systemd-journald[9339]: Failed to write entry (21 items, 699 bytes), ignoring: Read-only file system
[291298.764600] systemd-journald[9339]: Failed to write entry (22 items, 550 bytes), ignoring: Read-only file system
[291298.782160] systemd-journald[9339]: Failed to write entry (21 items, 608 bytes), ignoring: Read-only file system
[291298.783619] systemd-journald[9339]: Failed to write entry (21 items, 587 bytes), ignoring: Read-only file system
[291298.785049] systemd-journald[9339]: Failed to write entry (21 items, 699 bytes), ignoring: Read-only file system
[291298.786286] systemd-journald[9339]: Failed to write entry (21 items, 608 bytes), ignoring: Read-only file system
[291298.787587] systemd-journald[9339]: Failed to write entry (21 items, 699 bytes), ignoring: Read-only file system
[291298.788991] systemd-journald[9339]: Failed to write entry (21 items, 608 bytes), ignoring: Read-only file system
[291298.790199] systemd-journald[9339]: Failed to write entry (21 items, 699 bytes), ignoring: Read-only file system
[291298.791405] systemd-journald[9339]: Failed to write entry (21 items, 608 bytes), ignoring: Read-only file system
[291298.792774] systemd-journald[9339]: Failed to write entry (21 items, 699 bytes), ignoring: Read-only file system
[292332.183112] systemd-journald[9339]: Failed to write entry (26 items, 725 bytes), ignoring: Read-only file system
[292332.185144] systemd-journald[9339]: Failed to write entry (21 items, 608 bytes), ignoring: Read-only file system
[292332.186605] systemd-journald[9339]: Failed to write entry (21 items, 587 bytes), ignoring: Read-only file system
[292332.187937] systemd-journald[9339]: Failed to write entry (21 items, 699 bytes), ignoring: Read-only file system
[292332.189531] systemd-journald[9339]: Failed to write entry (21 items, 608 bytes), ignoring: Read-only file system
[292332.195034] systemd-journald[9339]: Failed to write entry (21 items, 699 bytes), ignoring: Read-only file system
[292332.196737] systemd-journald[9339]: Failed to write entry (21 items, 608 bytes), ignoring: Read-only file system
[292332.199711] systemd-journald[9339]: Failed to write entry (21 items, 699 bytes), ignoring: Read-only file system
[292332.200961] systemd-journald[9339]: Failed to write entry (21 items, 608 bytes), ignoring: Read-only file system
[292332.202365] systemd-journald[9339]: Failed to write entry (21 items, 699 bytes), ignoring: Read-only file system
[292332.274877] sd 2:0:0:0: rejecting I/O to offline device
[292332.275538] sd 2:0:0:0: rejecting I/O to offline device
[292332.293514] sd 2:0:0:0: rejecting I/O to offline device
[292332.294156] sd 2:0:0:0: rejecting I/O to offline device
[292332.294780] sd 2:0:0:0: rejecting I/O to offline device
[292332.295773] sd 2:0:0:0: rejecting I/O to offline device
[292332.296429] sd 2:0:0:0: rejecting I/O to offline device
[292332.297036] sd 2:0:0:0: rejecting I/O to offline device
[292332.297659] sd 2:0:0:0: rejecting I/O to offline device
[292332.298270] sd 2:0:0:0: rejecting I/O to offline device
[292332.298979] sd 2:0:0:0: rejecting I/O to offline device
[292332.299584] sd 2:0:0:0: rejecting I/O to offline device
[292332.300183] sd 2:0:0:0: rejecting I/O to offline device
[292332.300799] sd 2:0:0:0: rejecting I/O to offline device
[292332.301496] sd 2:0:0:0: rejecting I/O to offline device
[292332.302295] sd 2:0:0:0: rejecting I/O to offline device
[294898.424315] systemd-journald[9339]: Failed to write entry (21 items, 524 bytes), ignoring: Read-only file system
[294898.426160] systemd-journald[9339]: Failed to write entry (21 items, 608 bytes), ignoring: Read-only file system
[294898.427504] systemd-journald[9339]: Failed to write entry (21 items, 587 bytes), ignoring: Read-only file system
[294898.429270] systemd-journald[9339]: Failed to write entry (21 items, 699 bytes), ignoring: Read-only file system
[294898.430688] systemd-journald[9339]: Failed to write entry (21 items, 608 bytes), ignoring: Read-only file system
[294898.431993] systemd-journald[9339]: Failed to write entry (21 items, 699 bytes), ignoring: Read-only file system
[294898.433420] systemd-journald[9339]: Failed to write entry (21 items, 608 bytes), ignoring: Read-only file system
[294898.434698] systemd-journald[9339]: Failed to write entry (21 items, 699 bytes), ignoring: Read-only file system
[294898.435938] systemd-journald[9339]: Failed to write entry (21 items, 608 bytes), ignoring: Read-only file system
[294898.437259] systemd-journald[9339]: Failed to write entry (21 items, 699 bytes), ignoring: Read-only file system
[298499.262223] systemd-journald[9339]: Failed to write entry (22 items, 550 bytes), ignoring: Read-only file system
[298499.263809] systemd-journald[9339]: Failed to write entry (21 items, 608 bytes), ignoring: Read-only file system
[298499.264935] systemd-journald[9339]: Failed to write entry (21 items, 699 bytes), ignoring: Read-only file system
[298499.266106] systemd-journald[9339]: Failed to write entry (21 items, 587 bytes), ignoring: Read-only file system
[298499.267559] systemd-journald[9339]: Failed to write entry (21 items, 608 bytes), ignoring: Read-only file system
[298499.268845] systemd-journald[9339]: Failed to write entry (21 items, 699 bytes), ignoring: Read-only file system
[298499.270608] systemd-journald[9339]: Failed to write entry (21 items, 608 bytes), ignoring: Read-only file system
[298499.271987] systemd-journald[9339]: Failed to write entry (21 items, 699 bytes), ignoring: Read-only file system
[298499.273394] systemd-journald[9339]: Failed to write entry (21 items, 608 bytes), ignoring: Read-only file system
[298499.274584] systemd-journald[9339]: Failed to write entry (21 items, 699 bytes), ignoring: Read-only file system
[302099.251776] systemd-journald[9339]: Failed to write entry (13 items, 292 bytes), ignoring: Read-only file system
[302099.253467] systemd-journald[9339]: Failed to write entry (21 items, 608 bytes), ignoring: Read-only file system
[302099.254913] systemd-journald[9339]: Failed to write entry (21 items, 699 bytes), ignoring: Read-only file system
[302099.256298] systemd-journald[9339]: Failed to write entry (21 items, 587 bytes), ignoring: Read-only file system
[302099.257711] systemd-journald[9339]: Failed to write entry (21 items, 608 bytes), ignoring: Read-only file system
[302099.259174] systemd-journald[9339]: Failed to write entry (21 items, 699 bytes), ignoring: Read-only file system
[302099.260316] systemd-journald[9339]: Failed to write entry (21 items, 608 bytes), ignoring: Read-only file system
[302099.261496] systemd-journald[9339]: Failed to write entry (21 items, 699 bytes), ignoring: Read-only file system
[302099.262742] systemd-journald[9339]: Failed to write entry (21 items, 608 bytes), ignoring: Read-only file system
[302099.264287] systemd-journald[9339]: Failed to write entry (21 items, 699 bytes), ignoring: Read-only file system
[302519.723285] systemd-journald[9339]: Failed to write entry (26 items, 730 bytes), ignoring: Read-only file system
[302519.776298] systemd-journald[9339]: Failed to write entry (21 items, 608 bytes), ignoring: Read-only file system
[302519.777510] systemd-journald[9339]: Failed to write entry (21 items, 587 bytes), ignoring: Read-only file system
[302519.779008] systemd-journald[9339]: Failed to write entry (21 items, 699 bytes), ignoring: Read-only file system
[302519.780372] systemd-journald[9339]: Failed to write entry (21 items, 608 bytes), ignoring: Read-only file system
[302519.782767] systemd-journald[9339]: Failed to write entry (21 items, 699 bytes), ignoring: Read-only file system
[302519.784219] systemd-journald[9339]: Failed to write entry (27 items, 732 bytes), ignoring: Read-only file system
[302519.785350] systemd-journald[9339]: Failed to write entry (13 items, 429 bytes), ignoring: Read-only file system
[302519.786578] systemd-journald[9339]: Failed to write entry (21 items, 608 bytes), ignoring: Read-only file system
[302519.787913] systemd-journald[9339]: Failed to write entry (24 items, 627 bytes), ignoring: Read-only file system
[302579.026876] systemd-journald[9339]: Failed to write entry (22 items, 550 bytes), ignoring: Read-only file system
[302579.028639] systemd-journald[9339]: Failed to write entry (21 items, 608 bytes), ignoring: Read-only file system
[302579.030357] systemd-journald[9339]: Failed to write entry (21 items, 699 bytes), ignoring: Read-only file system
[302579.031893] systemd-journald[9339]: Failed to write entry (21 items, 587 bytes), ignoring: Read-only file system
[302579.033494] systemd-journald[9339]: Failed to write entry (21 items, 608 bytes), ignoring: Read-only file system
[302579.035245] systemd-journald[9339]: Failed to write entry (21 items, 699 bytes), ignoring: Read-only file system
[302579.036787] systemd-journald[9339]: Failed to write entry (21 items, 608 bytes), ignoring: Read-only file system
[302579.038497] systemd-journald[9339]: Failed to write entry (21 items, 699 bytes), ignoring: Read-only file system
[302579.040034] systemd-journald[9339]: Failed to write entry (21 items, 608 bytes), ignoring: Read-only file system
[302579.041623] systemd-journald[9339]: Failed to write entry (21 items, 699 bytes), ignoring: Read-only file system
[305699.930676] systemd-journald[9339]: Failed to write entry (22 items, 550 bytes), ignoring: Read-only file system
[305699.932410] systemd-journald[9339]: Failed to write entry (21 items, 608 bytes), ignoring: Read-only file system
[305699.933714] systemd-journald[9339]: Failed to write entry (21 items, 699 bytes), ignoring: Read-only file system
[305699.934855] systemd-journald[9339]: Failed to write entry (21 items, 587 bytes), ignoring: Read-only file system
[305699.936320] systemd-journald[9339]: Failed to write entry (21 items, 608 bytes), ignoring: Read-only file system
[305699.937521] systemd-journald[9339]: Failed to write entry (21 items, 699 bytes), ignoring: Read-only file system
[305699.938745] systemd-journald[9339]: Failed to write entry (21 items, 608 bytes), ignoring: Read-only file system
[305699.939954] systemd-journald[9339]: Failed to write entry (21 items, 699 bytes), ignoring: Read-only file system
[305699.941340] systemd-journald[9339]: Failed to write entry (21 items, 608 bytes), ignoring: Read-only file system
[305699.942500] systemd-journald[9339]: Failed to write entry (21 items, 699 bytes), ignoring: Read-only file system
[306464.889690] systemd-journald[9339]: Failed to write entry (25 items, 696 bytes), ignoring: Read-only file system
[306464.891552] systemd-journald[9339]: Failed to write entry (21 items, 608 bytes), ignoring: Read-only file system
[306464.892787] systemd-journald[9339]: Failed to write entry (21 items, 699 bytes), ignoring: Read-only file system
[306464.893920] systemd-journald[9339]: Failed to write entry (21 items, 587 bytes), ignoring: Read-only file system
[306464.895520] systemd-journald[9339]: Failed to write entry (21 items, 608 bytes), ignoring: Read-only file system
[306464.896701] systemd-journald[9339]: Failed to write entry (21 items, 699 bytes), ignoring: Read-only file system
[306464.897904] systemd-journald[9339]: Failed to write entry (21 items, 608 bytes), ignoring: Read-only file system
[306464.899304] systemd-journald[9339]: Failed to write entry (21 items, 699 bytes), ignoring: Read-only file system
[306464.900629] systemd-journald[9339]: Failed to write entry (21 items, 608 bytes), ignoring: Read-only file system
[306464.902026] systemd-journald[9339]: Failed to write entry (21 items, 699 bytes), ignoring: Read-only file system
[309299.714595] systemd-journald[9339]: Failed to write entry (22 items, 550 bytes), ignoring: Read-only file system
[309299.716289] systemd-journald[9339]: Failed to write entry (21 items, 608 bytes), ignoring: Read-only file system
[309299.717472] systemd-journald[9339]: Failed to write entry (21 items, 699 bytes), ignoring: Read-only file system
[309299.718928] systemd-journald[9339]: Failed to write entry (21 items, 587 bytes), ignoring: Read-only file system
[309299.720189] systemd-journald[9339]: Failed to write entry (21 items, 608 bytes), ignoring: Read-only file system
[309299.723243] systemd-journald[9339]: Failed to write entry (21 items, 699 bytes), ignoring: Read-only file system
[309299.724811] systemd-journald[9339]: Failed to write entry (21 items, 608 bytes), ignoring: Read-only file system
[309299.726147] systemd-journald[9339]: Failed to write entry (21 items, 699 bytes), ignoring: Read-only file system
[309299.727379] systemd-journald[9339]: Failed to write entry (21 items, 608 bytes), ignoring: Read-only file system
[309299.728521] systemd-journald[9339]: Failed to write entry (21 items, 699 bytes), ignoring: Read-only file system
[312900.723835] systemd-journald[9339]: Failed to write entry (22 items, 550 bytes), ignoring: Read-only file system
[312900.725475] systemd-journald[9339]: Failed to write entry (21 items, 608 bytes), ignoring: Read-only file system
[312900.726777] systemd-journald[9339]: Failed to write entry (21 items, 587 bytes), ignoring: Read-only file system
[312900.727958] systemd-journald[9339]: Failed to write entry (21 items, 699 bytes), ignoring: Read-only file system
[312900.729150] systemd-journald[9339]: Failed to write entry (21 items, 608 bytes), ignoring: Read-only file system
[312900.730408] systemd-journald[9339]: Failed to write entry (21 items, 699 bytes), ignoring: Read-only file system
[312900.731612] systemd-journald[9339]: Failed to write entry (21 items, 608 bytes), ignoring: Read-only file system
[312900.732829] systemd-journald[9339]: Failed to write entry (21 items, 699 bytes), ignoring: Read-only file system
[312900.734026] systemd-journald[9339]: Failed to write entry (21 items, 608 bytes), ignoring: Read-only file system
[312900.735264] systemd-journald[9339]: Failed to write entry (21 items, 699 bytes), ignoring: Read-only file system
[316500.932308] systemd-journald[9339]: Failed to write entry (22 items, 550 bytes), ignoring: Read-only file system
[316500.933830] systemd-journald[9339]: Failed to write entry (21 items, 608 bytes), ignoring: Read-only file system
[316500.935028] systemd-journald[9339]: Failed to write entry (21 items, 587 bytes), ignoring: Read-only file system
[316500.936316] systemd-journald[9339]: Failed to write entry (21 items, 699 bytes), ignoring: Read-only file system
[316500.937611] systemd-journald[9339]: Failed to write entry (21 items, 608 bytes), ignoring: Read-only file system
[316500.938731] systemd-journald[9339]: Failed to write entry (21 items, 699 bytes), ignoring: Read-only file system
[316500.939958] systemd-journald[9339]: Failed to write entry (21 items, 608 bytes), ignoring: Read-only file system
[316500.941144] systemd-journald[9339]: Failed to write entry (21 items, 699 bytes), ignoring: Read-only file system
[316500.942481] systemd-journald[9339]: Failed to write entry (21 items, 608 bytes), ignoring: Read-only file system
[316500.943974] systemd-journald[9339]: Failed to write entry (21 items, 699 bytes), ignoring: Read-only file system
[320101.845160] systemd-journald[9339]: Failed to write entry (13 items, 292 bytes), ignoring: Read-only file system
[320101.846689] systemd-journald[9339]: Failed to write entry (21 items, 608 bytes), ignoring: Read-only file system
[320101.847788] systemd-journald[9339]: Failed to write entry (21 items, 587 bytes), ignoring: Read-only file system
[320101.848884] systemd-journald[9339]: Failed to write entry (21 items, 699 bytes), ignoring: Read-only file system
[320101.850013] systemd-journald[9339]: Failed to write entry (21 items, 608 bytes), ignoring: Read-only file system
[320101.851119] systemd-journald[9339]: Failed to write entry (21 items, 699 bytes), ignoring: Read-only file system
[320101.852686] systemd-journald[9339]: Failed to write entry (21 items, 608 bytes), ignoring: Read-only file system
[320101.853912] systemd-journald[9339]: Failed to write entry (21 items, 699 bytes), ignoring: Read-only file system
[320101.855065] systemd-journald[9339]: Failed to write entry (21 items, 608 bytes), ignoring: Read-only file system
[320101.856272] systemd-journald[9339]: Failed to write entry (21 items, 699 bytes), ignoring: Read-only file system
[323702.471386] systemd-journald[9339]: Failed to write entry (13 items, 292 bytes), ignoring: Read-only file system
[323702.571802] systemd-journald[9339]: Failed to write entry (21 items, 608 bytes), ignoring: Read-only file system
